13:25:29 **** Incremental Build of configuration Debug for project hdmi_out_1 ****
make pre-build main-build 
a9-linaro-pre-build-step
' '
make: Ingenting at gøre for 'main-build'.
13:25:43 **** Incremental Build of configuration Debug for project hdmi_out_1 ****
make pre-build main-build 
a9-linaro-pre-build-step
' '
make: Ingenting at gøre for 'main-build'.
13:26:05 **** Auto Build of configuration Debug for project hdmi_out_1 ****
make pre-build main-build 
a9-linaro-pre-build-step
' '
'Building file: ../src/display_demo.c'
'Invoking: ARM v7 gcc compiler'
arm-none-eabi-gcc -Wall -O0 -g3 -c -fmessage-length=0 -MT"src/display_demo.o" -mcpu=cortex-a9 -mfpu=vfpv3 -mfloat-abi=hard -I../../hdmi_out_1_bsp/ps7_cortexa9_0/include -MMD -MP -MF"src/display_demo.d" -MT"src/display_demo.o" -o "src/display_demo.o" "../src/display_demo.c"
../src/display_demo.c: In function 'DemoRun':
../src/display_demo.c:217:4: warning: implicit declaration of function 'DemoGoatTest'; did you mean 'DemoPrintTest'? [-Wimplicit-function-declaration]
    DemoGoatTest(pFrames[dispCtrl.curFrame], dispCtrl.vMode.width, dispCtrl.vMode.height, DEMO_STRIDE);
    ^~~~~~~~~~~~
    DemoPrintTest
../src/display_demo.c:221:4: warning: implicit declaration of function 'drawSquare' [-Wimplicit-function-declaration]
    drawSquare(pFrames[dispCtrl.curFrame], dispCtrl.vMode.width, dispCtrl.vMode.height, DEMO_STRIDE);
    ^~~~~~~~~~
../src/display_demo.c:226:4: warning: implicit declaration of function 'moveSquare' [-Wimplicit-function-declaration]
    moveSquare(pFrames[dispCtrl.curFrame], dispCtrl.vMode.width, dispCtrl.vMode.height, DEMO_STRIDE);
    ^~~~~~~~~~
../src/display_demo.c: At top level:
../src/display_demo.c:380:6: warning: conflicting types for 'DemoGoatTest'
 void DemoGoatTest(u8 *frame, u32 width, u32 height, u32 stride){
      ^~~~~~~~~~~~
../src/display_demo.c:217:4: note: previous implicit declaration of 'DemoGoatTest' was here
    DemoGoatTest(pFrames[dispCtrl.curFrame], dispCtrl.vMode.width, dispCtrl.vMode.height, DEMO_STRIDE);
    ^~~~~~~~~~~~
../src/display_demo.c:637:6: warning: conflicting types for 'drawSquare'
 void drawSquare(u8 *frame, u32 width, u32 height, u32 stride){
      ^~~~~~~~~~
../src/display_demo.c:221:4: note: previous implicit declaration of 'drawSquare' was here
    drawSquare(pFrames[dispCtrl.curFrame], dispCtrl.vMode.width, dispCtrl.vMode.height, DEMO_STRIDE);
    ^~~~~~~~~~
../src/display_demo.c:665:6: warning: conflicting types for 'moveSquare'
 void moveSquare(u8 *frame, u32 width, u32 height, u32 stride){
      ^~~~~~~~~~
../src/display_demo.c:226:4: note: previous implicit declaration of 'moveSquare' was here
    moveSquare(pFrames[dispCtrl.curFrame], dispCtrl.vMode.width, dispCtrl.vMode.height, DEMO_STRIDE);
    ^~~~~~~~~~
../src/display_demo.c: In function 'moveSquare':
../src/display_demo.c:682:7: warning: unused variable 'firstTime' [-Wunused-variable]
   int firstTime = 1;
       ^~~~~~~~~
../src/display_demo.c:672:7: warning: unused variable 'reset' [-Wunused-variable]
   int reset = 0;
       ^~~~~
../src/display_demo.c:668:6: warning: unused variable 'zero' [-Wunused-variable]
  u32 zero = startPixelAddr;
      ^~~~
'Finished building: ../src/display_demo.c'
' '
'Building target: hdmi_out_1.elf'
'Invoking: ARM v7 gcc linker'
arm-none-eabi-gcc -mcpu=cortex-a9 -mfpu=vfpv3 -mfloat-abi=hard -Wl,-build-id=none -specs=Xilinx.spec -Wl,-T -Wl,../src/lscript.ld -L../../hdmi_out_1_bsp/ps7_cortexa9_0/lib -o "hdmi_out_1.elf"  ./src/timer_ps/timer_ps.o  ./src/dynclk/dynclk.o  ./src/display_ctrl/display_ctrl.o  ./src/display_demo.o   -Wl,--start-group,-lxil,-lgcc,-lc,--end-group
'Finished building target: hdmi_out_1.elf'
' '
'Invoking: ARM v7 Print Size'
arm-none-eabi-size hdmi_out_1.elf  |tee "hdmi_out_1.elf.size"
   text	   data	    bss	    dec	    hex	filename
 108856	   2720	24909440	25021016	17dca58	hdmi_out_1.elf
'Finished building: hdmi_out_1.elf.size'
' '
13:26:21 **** Incremental Build of configuration Debug for project hdmi_out_1 ****
make pre-build main-build 
a9-linaro-pre-build-step
' '
make: Ingenting at gøre for 'main-build'.
13:29:42 **** Auto Build of configuration Debug for project hdmi_out_1 ****
make pre-build main-build 
a9-linaro-pre-build-step
' '
'Building file: ../src/display_demo.c'
'Invoking: ARM v7 gcc compiler'
arm-none-eabi-gcc -Wall -O0 -g3 -c -fmessage-length=0 -MT"src/display_demo.o" -mcpu=cortex-a9 -mfpu=vfpv3 -mfloat-abi=hard -I../../hdmi_out_1_bsp/ps7_cortexa9_0/include -MMD -MP -MF"src/display_demo.d" -MT"src/display_demo.o" -o "src/display_demo.o" "../src/display_demo.c"
../src/display_demo.c: In function 'DemoRun':
../src/display_demo.c:217:4: warning: implicit declaration of function 'DemoGoatTest'; did you mean 'DemoPrintTest'? [-Wimplicit-function-declaration]
    DemoGoatTest(pFrames[dispCtrl.curFrame], dispCtrl.vMode.width, dispCtrl.vMode.height, DEMO_STRIDE);
    ^~~~~~~~~~~~
    DemoPrintTest
../src/display_demo.c:221:4: warning: implicit declaration of function 'drawSquare' [-Wimplicit-function-declaration]
    drawSquare(pFrames[dispCtrl.curFrame], dispCtrl.vMode.width, dispCtrl.vMode.height, DEMO_STRIDE);
    ^~~~~~~~~~
../src/display_demo.c:226:4: warning: implicit declaration of function 'moveSquare' [-Wimplicit-function-declaration]
    moveSquare(pFrames[dispCtrl.curFrame], dispCtrl.vMode.width, dispCtrl.vMode.height, DEMO_STRIDE);
    ^~~~~~~~~~
../src/display_demo.c: At top level:
../src/display_demo.c:380:6: warning: conflicting types for 'DemoGoatTest'
 void DemoGoatTest(u8 *frame, u32 width, u32 height, u32 stride){
      ^~~~~~~~~~~~
../src/display_demo.c:217:4: note: previous implicit declaration of 'DemoGoatTest' was here
    DemoGoatTest(pFrames[dispCtrl.curFrame], dispCtrl.vMode.width, dispCtrl.vMode.height, DEMO_STRIDE);
    ^~~~~~~~~~~~
../src/display_demo.c:637:6: warning: conflicting types for 'drawSquare'
 void drawSquare(u8 *frame, u32 width, u32 height, u32 stride){
      ^~~~~~~~~~
../src/display_demo.c:221:4: note: previous implicit declaration of 'drawSquare' was here
    drawSquare(pFrames[dispCtrl.curFrame], dispCtrl.vMode.width, dispCtrl.vMode.height, DEMO_STRIDE);
    ^~~~~~~~~~
../src/display_demo.c:665:6: warning: conflicting types for 'moveSquare'
 void moveSquare(u8 *frame, u32 width, u32 height, u32 stride){
      ^~~~~~~~~~
../src/display_demo.c:226:4: note: previous implicit declaration of 'moveSquare' was here
    moveSquare(pFrames[dispCtrl.curFrame], dispCtrl.vMode.width, dispCtrl.vMode.height, DEMO_STRIDE);
    ^~~~~~~~~~
../src/display_demo.c: In function 'moveSquare':
../src/display_demo.c:667:2: error: 'speed' undeclared (first use in this function); did you mean 'sleep'?
  speed = 16;
  ^~~~~
  sleep
../src/display_demo.c:667:2: note: each undeclared identifier is reported only once for each function it appears in
../src/display_demo.c:787:4: error: duplicate case value
    case 'a' :
    ^~~~
../src/display_demo.c:713:4: note: previously used here
    case 'a' :
    ^~~~
../src/display_demo.c:684:7: warning: unused variable 'firstTime' [-Wunused-variable]
   int firstTime = 1;
       ^~~~~~~~~
../src/display_demo.c:674:7: warning: unused variable 'reset' [-Wunused-variable]
   int reset = 0;
       ^~~~~
../src/display_demo.c:670:6: warning: unused variable 'zero' [-Wunused-variable]
  u32 zero = startPixelAddr;
      ^~~~
make: *** [src/display_demo.o] Fejl 1
13:29:54 **** Auto Build of configuration Debug for project hdmi_out_1 ****
make pre-build main-build 
a9-linaro-pre-build-step
' '
'Building file: ../src/display_demo.c'
'Invoking: ARM v7 gcc compiler'
arm-none-eabi-gcc -Wall -O0 -g3 -c -fmessage-length=0 -MT"src/display_demo.o" -mcpu=cortex-a9 -mfpu=vfpv3 -mfloat-abi=hard -I../../hdmi_out_1_bsp/ps7_cortexa9_0/include -MMD -MP -MF"src/display_demo.d" -MT"src/display_demo.o" -o "src/display_demo.o" "../src/display_demo.c"
../src/display_demo.c: In function 'DemoRun':
../src/display_demo.c:217:4: warning: implicit declaration of function 'DemoGoatTest'; did you mean 'DemoPrintTest'? [-Wimplicit-function-declaration]
    DemoGoatTest(pFrames[dispCtrl.curFrame], dispCtrl.vMode.width, dispCtrl.vMode.height, DEMO_STRIDE);
    ^~~~~~~~~~~~
    DemoPrintTest
../src/display_demo.c:221:4: warning: implicit declaration of function 'drawSquare' [-Wimplicit-function-declaration]
    drawSquare(pFrames[dispCtrl.curFrame], dispCtrl.vMode.width, dispCtrl.vMode.height, DEMO_STRIDE);
    ^~~~~~~~~~
../src/display_demo.c:226:4: warning: implicit declaration of function 'moveSquare' [-Wimplicit-function-declaration]
    moveSquare(pFrames[dispCtrl.curFrame], dispCtrl.vMode.width, dispCtrl.vMode.height, DEMO_STRIDE);
    ^~~~~~~~~~
../src/display_demo.c: At top level:
../src/display_demo.c:380:6: warning: conflicting types for 'DemoGoatTest'
 void DemoGoatTest(u8 *frame, u32 width, u32 height, u32 stride){
      ^~~~~~~~~~~~
../src/display_demo.c:217:4: note: previous implicit declaration of 'DemoGoatTest' was here
    DemoGoatTest(pFrames[dispCtrl.curFrame], dispCtrl.vMode.width, dispCtrl.vMode.height, DEMO_STRIDE);
    ^~~~~~~~~~~~
../src/display_demo.c:637:6: warning: conflicting types for 'drawSquare'
 void drawSquare(u8 *frame, u32 width, u32 height, u32 stride){
      ^~~~~~~~~~
../src/display_demo.c:221:4: note: previous implicit declaration of 'drawSquare' was here
    drawSquare(pFrames[dispCtrl.curFrame], dispCtrl.vMode.width, dispCtrl.vMode.height, DEMO_STRIDE);
    ^~~~~~~~~~
../src/display_demo.c:665:6: warning: conflicting types for 'moveSquare'
 void moveSquare(u8 *frame, u32 width, u32 height, u32 stride){
      ^~~~~~~~~~
../src/display_demo.c:226:4: note: previous implicit declaration of 'moveSquare' was here
    moveSquare(pFrames[dispCtrl.curFrame], dispCtrl.vMode.width, dispCtrl.vMode.height, DEMO_STRIDE);
    ^~~~~~~~~~
../src/display_demo.c: In function 'moveSquare':
../src/display_demo.c:787:4: error: duplicate case value
    case 'a' :
    ^~~~
../src/display_demo.c:713:4: note: previously used here
    case 'a' :
    ^~~~
../src/display_demo.c:684:7: warning: unused variable 'firstTime' [-Wunused-variable]
   int firstTime = 1;
       ^~~~~~~~~
../src/display_demo.c:674:7: warning: unused variable 'reset' [-Wunused-variable]
   int reset = 0;
       ^~~~~
../src/display_demo.c:670:6: warning: unused variable 'zero' [-Wunused-variable]
  u32 zero = startPixelAddr;
      ^~~~
make: *** [src/display_demo.o] Fejl 1
13:30:17 **** Auto Build of configuration Debug for project hdmi_out_1 ****
make pre-build main-build 
a9-linaro-pre-build-step
' '
'Building file: ../src/display_demo.c'
'Invoking: ARM v7 gcc compiler'
arm-none-eabi-gcc -Wall -O0 -g3 -c -fmessage-length=0 -MT"src/display_demo.o" -mcpu=cortex-a9 -mfpu=vfpv3 -mfloat-abi=hard -I../../hdmi_out_1_bsp/ps7_cortexa9_0/include -MMD -MP -MF"src/display_demo.d" -MT"src/display_demo.o" -o "src/display_demo.o" "../src/display_demo.c"
../src/display_demo.c: In function 'DemoRun':
../src/display_demo.c:217:4: warning: implicit declaration of function 'DemoGoatTest'; did you mean 'DemoPrintTest'? [-Wimplicit-function-declaration]
    DemoGoatTest(pFrames[dispCtrl.curFrame], dispCtrl.vMode.width, dispCtrl.vMode.height, DEMO_STRIDE);
    ^~~~~~~~~~~~
    DemoPrintTest
../src/display_demo.c:221:4: warning: implicit declaration of function 'drawSquare' [-Wimplicit-function-declaration]
    drawSquare(pFrames[dispCtrl.curFrame], dispCtrl.vMode.width, dispCtrl.vMode.height, DEMO_STRIDE);
    ^~~~~~~~~~
../src/display_demo.c:226:4: warning: implicit declaration of function 'moveSquare' [-Wimplicit-function-declaration]
    moveSquare(pFrames[dispCtrl.curFrame], dispCtrl.vMode.width, dispCtrl.vMode.height, DEMO_STRIDE);
    ^~~~~~~~~~
../src/display_demo.c: At top level:
../src/display_demo.c:380:6: warning: conflicting types for 'DemoGoatTest'
 void DemoGoatTest(u8 *frame, u32 width, u32 height, u32 stride){
      ^~~~~~~~~~~~
../src/display_demo.c:217:4: note: previous implicit declaration of 'DemoGoatTest' was here
    DemoGoatTest(pFrames[dispCtrl.curFrame], dispCtrl.vMode.width, dispCtrl.vMode.height, DEMO_STRIDE);
    ^~~~~~~~~~~~
../src/display_demo.c:637:6: warning: conflicting types for 'drawSquare'
 void drawSquare(u8 *frame, u32 width, u32 height, u32 stride){
      ^~~~~~~~~~
../src/display_demo.c:221:4: note: previous implicit declaration of 'drawSquare' was here
    drawSquare(pFrames[dispCtrl.curFrame], dispCtrl.vMode.width, dispCtrl.vMode.height, DEMO_STRIDE);
    ^~~~~~~~~~
../src/display_demo.c:665:6: warning: conflicting types for 'moveSquare'
 void moveSquare(u8 *frame, u32 width, u32 height, u32 stride){
      ^~~~~~~~~~
../src/display_demo.c:226:4: note: previous implicit declaration of 'moveSquare' was here
    moveSquare(pFrames[dispCtrl.curFrame], dispCtrl.vMode.width, dispCtrl.vMode.height, DEMO_STRIDE);
    ^~~~~~~~~~
../src/display_demo.c: In function 'moveSquare':
../src/display_demo.c:684:7: warning: unused variable 'firstTime' [-Wunused-variable]
   int firstTime = 1;
       ^~~~~~~~~
../src/display_demo.c:674:7: warning: unused variable 'reset' [-Wunused-variable]
   int reset = 0;
       ^~~~~
../src/display_demo.c:670:6: warning: unused variable 'zero' [-Wunused-variable]
  u32 zero = startPixelAddr;
      ^~~~
'Finished building: ../src/display_demo.c'
' '
'Building target: hdmi_out_1.elf'
'Invoking: ARM v7 gcc linker'
arm-none-eabi-gcc -mcpu=cortex-a9 -mfpu=vfpv3 -mfloat-abi=hard -Wl,-build-id=none -specs=Xilinx.spec -Wl,-T -Wl,../src/lscript.ld -L../../hdmi_out_1_bsp/ps7_cortexa9_0/lib -o "hdmi_out_1.elf"  ./src/timer_ps/timer_ps.o  ./src/dynclk/dynclk.o  ./src/display_ctrl/display_ctrl.o  ./src/display_demo.o   -Wl,--start-group,-lxil,-lgcc,-lc,--end-group
'Finished building target: hdmi_out_1.elf'
' '
'Invoking: ARM v7 Print Size'
arm-none-eabi-size hdmi_out_1.elf  |tee "hdmi_out_1.elf.size"
   text	   data	    bss	    dec	    hex	filename
 109368	   2720	24909440	25021528	17dcc58	hdmi_out_1.elf
'Finished building: hdmi_out_1.elf.size'
' '
13:30:34 **** Incremental Build of configuration Debug for project hdmi_out_1 ****
make pre-build main-build 
a9-linaro-pre-build-step
' '
make: Ingenting at gøre for 'main-build'.
13:31:12 **** Incremental Build of configuration Debug for project hdmi_out_1 ****
make pre-build main-build 
a9-linaro-pre-build-step
' '
make: Ingenting at gøre for 'main-build'.
13:35:31 **** Auto Build of configuration Debug for project hdmi_out_1 ****
make pre-build main-build 
a9-linaro-pre-build-step
' '
'Building file: ../src/display_demo.c'
'Invoking: ARM v7 gcc compiler'
arm-none-eabi-gcc -Wall -O0 -g3 -c -fmessage-length=0 -MT"src/display_demo.o" -mcpu=cortex-a9 -mfpu=vfpv3 -mfloat-abi=hard -I../../hdmi_out_1_bsp/ps7_cortexa9_0/include -MMD -MP -MF"src/display_demo.d" -MT"src/display_demo.o" -o "src/display_demo.o" "../src/display_demo.c"
../src/display_demo.c: In function 'DemoRun':
../src/display_demo.c:217:4: warning: implicit declaration of function 'DemoGoatTest'; did you mean 'DemoPrintTest'? [-Wimplicit-function-declaration]
    DemoGoatTest(pFrames[dispCtrl.curFrame], dispCtrl.vMode.width, dispCtrl.vMode.height, DEMO_STRIDE);
    ^~~~~~~~~~~~
    DemoPrintTest
../src/display_demo.c:221:4: warning: implicit declaration of function 'drawSquare' [-Wimplicit-function-declaration]
    drawSquare(pFrames[dispCtrl.curFrame], dispCtrl.vMode.width, dispCtrl.vMode.height, DEMO_STRIDE);
    ^~~~~~~~~~
../src/display_demo.c:226:4: warning: implicit declaration of function 'moveSquare' [-Wimplicit-function-declaration]
    moveSquare(pFrames[dispCtrl.curFrame], dispCtrl.vMode.width, dispCtrl.vMode.height, DEMO_STRIDE);
    ^~~~~~~~~~
../src/display_demo.c: At top level:
../src/display_demo.c:380:6: warning: conflicting types for 'DemoGoatTest'
 void DemoGoatTest(u8 *frame, u32 width, u32 height, u32 stride){
      ^~~~~~~~~~~~
../src/display_demo.c:217:4: note: previous implicit declaration of 'DemoGoatTest' was here
    DemoGoatTest(pFrames[dispCtrl.curFrame], dispCtrl.vMode.width, dispCtrl.vMode.height, DEMO_STRIDE);
    ^~~~~~~~~~~~
../src/display_demo.c:637:6: warning: conflicting types for 'drawSquare'
 void drawSquare(u8 *frame, u32 width, u32 height, u32 stride){
      ^~~~~~~~~~
../src/display_demo.c:221:4: note: previous implicit declaration of 'drawSquare' was here
    drawSquare(pFrames[dispCtrl.curFrame], dispCtrl.vMode.width, dispCtrl.vMode.height, DEMO_STRIDE);
    ^~~~~~~~~~
../src/display_demo.c:665:6: warning: conflicting types for 'moveSquare'
 void moveSquare(u8 *frame, u32 width, u32 height, u32 stride){
      ^~~~~~~~~~
../src/display_demo.c:226:4: note: previous implicit declaration of 'moveSquare' was here
    moveSquare(pFrames[dispCtrl.curFrame], dispCtrl.vMode.width, dispCtrl.vMode.height, DEMO_STRIDE);
    ^~~~~~~~~~
../src/display_demo.c: In function 'moveSquare':
../src/display_demo.c:684:7: warning: unused variable 'firstTime' [-Wunused-variable]
   int firstTime = 1;
       ^~~~~~~~~
../src/display_demo.c:674:7: warning: unused variable 'reset' [-Wunused-variable]
   int reset = 0;
       ^~~~~
../src/display_demo.c:670:6: warning: unused variable 'zero' [-Wunused-variable]
  u32 zero = startPixelAddr;
      ^~~~
'Finished building: ../src/display_demo.c'
' '
'Building target: hdmi_out_1.elf'
'Invoking: ARM v7 gcc linker'
arm-none-eabi-gcc -mcpu=cortex-a9 -mfpu=vfpv3 -mfloat-abi=hard -Wl,-build-id=none -specs=Xilinx.spec -Wl,-T -Wl,../src/lscript.ld -L../../hdmi_out_1_bsp/ps7_cortexa9_0/lib -o "hdmi_out_1.elf"  ./src/timer_ps/timer_ps.o  ./src/dynclk/dynclk.o  ./src/display_ctrl/display_ctrl.o  ./src/display_demo.o   -Wl,--start-group,-lxil,-lgcc,-lc,--end-group
'Finished building target: hdmi_out_1.elf'
' '
'Invoking: ARM v7 Print Size'
arm-none-eabi-size hdmi_out_1.elf  |tee "hdmi_out_1.elf.size"
   text	   data	    bss	    dec	    hex	filename
 109880	   2720	24909440	25022040	17dce58	hdmi_out_1.elf
'Finished building: hdmi_out_1.elf.size'
' '
13:35:46 **** Incremental Build of configuration Debug for project hdmi_out_1 ****
make pre-build main-build 
a9-linaro-pre-build-step
' '
make: Ingenting at gøre for 'main-build'.
13:41:24 **** Auto Build of configuration Debug for project hdmi_out_1 ****
make pre-build main-build 
a9-linaro-pre-build-step
' '
'Building file: ../src/display_demo.c'
'Invoking: ARM v7 gcc compiler'
arm-none-eabi-gcc -Wall -O0 -g3 -c -fmessage-length=0 -MT"src/display_demo.o" -mcpu=cortex-a9 -mfpu=vfpv3 -mfloat-abi=hard -I../../hdmi_out_1_bsp/ps7_cortexa9_0/include -MMD -MP -MF"src/display_demo.d" -MT"src/display_demo.o" -o "src/display_demo.o" "../src/display_demo.c"
../src/display_demo.c: In function 'DemoRun':
../src/display_demo.c:217:4: warning: implicit declaration of function 'DemoGoatTest'; did you mean 'DemoPrintTest'? [-Wimplicit-function-declaration]
    DemoGoatTest(pFrames[dispCtrl.curFrame], dispCtrl.vMode.width, dispCtrl.vMode.height, DEMO_STRIDE);
    ^~~~~~~~~~~~
    DemoPrintTest
../src/display_demo.c:221:4: warning: implicit declaration of function 'drawSquare' [-Wimplicit-function-declaration]
    drawSquare(pFrames[dispCtrl.curFrame], dispCtrl.vMode.width, dispCtrl.vMode.height, DEMO_STRIDE);
    ^~~~~~~~~~
../src/display_demo.c:226:4: warning: implicit declaration of function 'moveSquare' [-Wimplicit-function-declaration]
    moveSquare(pFrames[dispCtrl.curFrame], dispCtrl.vMode.width, dispCtrl.vMode.height, DEMO_STRIDE);
    ^~~~~~~~~~
../src/display_demo.c: At top level:
../src/display_demo.c:380:6: warning: conflicting types for 'DemoGoatTest'
 void DemoGoatTest(u8 *frame, u32 width, u32 height, u32 stride){
      ^~~~~~~~~~~~
../src/display_demo.c:217:4: note: previous implicit declaration of 'DemoGoatTest' was here
    DemoGoatTest(pFrames[dispCtrl.curFrame], dispCtrl.vMode.width, dispCtrl.vMode.height, DEMO_STRIDE);
    ^~~~~~~~~~~~
../src/display_demo.c:637:6: warning: conflicting types for 'drawSquare'
 void drawSquare(u8 *frame, u32 width, u32 height, u32 stride){
      ^~~~~~~~~~
../src/display_demo.c:221:4: note: previous implicit declaration of 'drawSquare' was here
    drawSquare(pFrames[dispCtrl.curFrame], dispCtrl.vMode.width, dispCtrl.vMode.height, DEMO_STRIDE);
    ^~~~~~~~~~
../src/display_demo.c:665:6: warning: conflicting types for 'moveSquare'
 void moveSquare(u8 *frame, u32 width, u32 height, u32 stride){
      ^~~~~~~~~~
../src/display_demo.c:226:4: note: previous implicit declaration of 'moveSquare' was here
    moveSquare(pFrames[dispCtrl.curFrame], dispCtrl.vMode.width, dispCtrl.vMode.height, DEMO_STRIDE);
    ^~~~~~~~~~
../src/display_demo.c: In function 'moveSquare':
../src/display_demo.c:684:7: warning: unused variable 'firstTime' [-Wunused-variable]
   int firstTime = 1;
       ^~~~~~~~~
../src/display_demo.c:674:7: warning: unused variable 'reset' [-Wunused-variable]
   int reset = 0;
       ^~~~~
../src/display_demo.c:670:6: warning: unused variable 'zero' [-Wunused-variable]
  u32 zero = startPixelAddr;
      ^~~~
'Finished building: ../src/display_demo.c'
' '
'Building target: hdmi_out_1.elf'
'Invoking: ARM v7 gcc linker'
arm-none-eabi-gcc -mcpu=cortex-a9 -mfpu=vfpv3 -mfloat-abi=hard -Wl,-build-id=none -specs=Xilinx.spec -Wl,-T -Wl,../src/lscript.ld -L../../hdmi_out_1_bsp/ps7_cortexa9_0/lib -o "hdmi_out_1.elf"  ./src/timer_ps/timer_ps.o  ./src/dynclk/dynclk.o  ./src/display_ctrl/display_ctrl.o  ./src/display_demo.o   -Wl,--start-group,-lxil,-lgcc,-lc,--end-group
'Finished building target: hdmi_out_1.elf'
' '
'Invoking: ARM v7 Print Size'
arm-none-eabi-size hdmi_out_1.elf  |tee "hdmi_out_1.elf.size"
   text	   data	    bss	    dec	    hex	filename
 109880	   2720	24909440	25022040	17dce58	hdmi_out_1.elf
'Finished building: hdmi_out_1.elf.size'
' '
13:41:39 **** Incremental Build of configuration Debug for project hdmi_out_1 ****
make pre-build main-build 
a9-linaro-pre-build-step
' '
make: Ingenting at gøre for 'main-build'.
13:42:34 **** Auto Build of configuration Debug for project hdmi_out_1 ****
make pre-build main-build 
a9-linaro-pre-build-step
' '
'Building file: ../src/display_demo.c'
'Invoking: ARM v7 gcc compiler'
arm-none-eabi-gcc -Wall -O0 -g3 -c -fmessage-length=0 -MT"src/display_demo.o" -mcpu=cortex-a9 -mfpu=vfpv3 -mfloat-abi=hard -I../../hdmi_out_1_bsp/ps7_cortexa9_0/include -MMD -MP -MF"src/display_demo.d" -MT"src/display_demo.o" -o "src/display_demo.o" "../src/display_demo.c"
../src/display_demo.c: In function 'DemoRun':
../src/display_demo.c:217:4: warning: implicit declaration of function 'DemoGoatTest'; did you mean 'DemoPrintTest'? [-Wimplicit-function-declaration]
    DemoGoatTest(pFrames[dispCtrl.curFrame], dispCtrl.vMode.width, dispCtrl.vMode.height, DEMO_STRIDE);
    ^~~~~~~~~~~~
    DemoPrintTest
../src/display_demo.c:221:4: warning: implicit declaration of function 'drawSquare' [-Wimplicit-function-declaration]
    drawSquare(pFrames[dispCtrl.curFrame], dispCtrl.vMode.width, dispCtrl.vMode.height, DEMO_STRIDE);
    ^~~~~~~~~~
../src/display_demo.c:226:4: warning: implicit declaration of function 'moveSquare' [-Wimplicit-function-declaration]
    moveSquare(pFrames[dispCtrl.curFrame], dispCtrl.vMode.width, dispCtrl.vMode.height, DEMO_STRIDE);
    ^~~~~~~~~~
../src/display_demo.c: At top level:
../src/display_demo.c:380:6: warning: conflicting types for 'DemoGoatTest'
 void DemoGoatTest(u8 *frame, u32 width, u32 height, u32 stride){
      ^~~~~~~~~~~~
../src/display_demo.c:217:4: note: previous implicit declaration of 'DemoGoatTest' was here
    DemoGoatTest(pFrames[dispCtrl.curFrame], dispCtrl.vMode.width, dispCtrl.vMode.height, DEMO_STRIDE);
    ^~~~~~~~~~~~
../src/display_demo.c:637:6: warning: conflicting types for 'drawSquare'
 void drawSquare(u8 *frame, u32 width, u32 height, u32 stride){
      ^~~~~~~~~~
../src/display_demo.c:221:4: note: previous implicit declaration of 'drawSquare' was here
    drawSquare(pFrames[dispCtrl.curFrame], dispCtrl.vMode.width, dispCtrl.vMode.height, DEMO_STRIDE);
    ^~~~~~~~~~
../src/display_demo.c:665:6: warning: conflicting types for 'moveSquare'
 void moveSquare(u8 *frame, u32 width, u32 height, u32 stride){
      ^~~~~~~~~~
../src/display_demo.c:226:4: note: previous implicit declaration of 'moveSquare' was here
    moveSquare(pFrames[dispCtrl.curFrame], dispCtrl.vMode.width, dispCtrl.vMode.height, DEMO_STRIDE);
    ^~~~~~~~~~
../src/display_demo.c: In function 'moveSquare':
../src/display_demo.c:684:7: warning: unused variable 'firstTime' [-Wunused-variable]
   int firstTime = 1;
       ^~~~~~~~~
../src/display_demo.c:674:7: warning: unused variable 'reset' [-Wunused-variable]
   int reset = 0;
       ^~~~~
../src/display_demo.c:670:6: warning: unused variable 'zero' [-Wunused-variable]
  u32 zero = startPixelAddr;
      ^~~~
'Finished building: ../src/display_demo.c'
' '
'Building target: hdmi_out_1.elf'
'Invoking: ARM v7 gcc linker'
arm-none-eabi-gcc -mcpu=cortex-a9 -mfpu=vfpv3 -mfloat-abi=hard -Wl,-build-id=none -specs=Xilinx.spec -Wl,-T -Wl,../src/lscript.ld -L../../hdmi_out_1_bsp/ps7_cortexa9_0/lib -o "hdmi_out_1.elf"  ./src/timer_ps/timer_ps.o  ./src/dynclk/dynclk.o  ./src/display_ctrl/display_ctrl.o  ./src/display_demo.o   -Wl,--start-group,-lxil,-lgcc,-lc,--end-group
'Finished building target: hdmi_out_1.elf'
' '
'Invoking: ARM v7 Print Size'
arm-none-eabi-size hdmi_out_1.elf  |tee "hdmi_out_1.elf.size"
   text	   data	    bss	    dec	    hex	filename
 109880	   2720	24909440	25022040	17dce58	hdmi_out_1.elf
'Finished building: hdmi_out_1.elf.size'
' '
13:42:49 **** Incremental Build of configuration Debug for project hdmi_out_1 ****
make pre-build main-build 
a9-linaro-pre-build-step
' '
make: Ingenting at gøre for 'main-build'.
13:44:22 **** Auto Build of configuration Debug for project hdmi_out_1 ****
make pre-build main-build 
a9-linaro-pre-build-step
' '
'Building file: ../src/display_demo.c'
'Invoking: ARM v7 gcc compiler'
arm-none-eabi-gcc -Wall -O0 -g3 -c -fmessage-length=0 -MT"src/display_demo.o" -mcpu=cortex-a9 -mfpu=vfpv3 -mfloat-abi=hard -I../../hdmi_out_1_bsp/ps7_cortexa9_0/include -MMD -MP -MF"src/display_demo.d" -MT"src/display_demo.o" -o "src/display_demo.o" "../src/display_demo.c"
../src/display_demo.c: In function 'DemoRun':
../src/display_demo.c:217:4: warning: implicit declaration of function 'DemoGoatTest'; did you mean 'DemoPrintTest'? [-Wimplicit-function-declaration]
    DemoGoatTest(pFrames[dispCtrl.curFrame], dispCtrl.vMode.width, dispCtrl.vMode.height, DEMO_STRIDE);
    ^~~~~~~~~~~~
    DemoPrintTest
../src/display_demo.c:221:4: warning: implicit declaration of function 'drawSquare' [-Wimplicit-function-declaration]
    drawSquare(pFrames[dispCtrl.curFrame], dispCtrl.vMode.width, dispCtrl.vMode.height, DEMO_STRIDE);
    ^~~~~~~~~~
../src/display_demo.c:226:4: warning: implicit declaration of function 'moveSquare' [-Wimplicit-function-declaration]
    moveSquare(pFrames[dispCtrl.curFrame], dispCtrl.vMode.width, dispCtrl.vMode.height, DEMO_STRIDE);
    ^~~~~~~~~~
../src/display_demo.c: At top level:
../src/display_demo.c:380:6: warning: conflicting types for 'DemoGoatTest'
 void DemoGoatTest(u8 *frame, u32 width, u32 height, u32 stride){
      ^~~~~~~~~~~~
../src/display_demo.c:217:4: note: previous implicit declaration of 'DemoGoatTest' was here
    DemoGoatTest(pFrames[dispCtrl.curFrame], dispCtrl.vMode.width, dispCtrl.vMode.height, DEMO_STRIDE);
    ^~~~~~~~~~~~
../src/display_demo.c:637:6: warning: conflicting types for 'drawSquare'
 void drawSquare(u8 *frame, u32 width, u32 height, u32 stride){
      ^~~~~~~~~~
../src/display_demo.c:221:4: note: previous implicit declaration of 'drawSquare' was here
    drawSquare(pFrames[dispCtrl.curFrame], dispCtrl.vMode.width, dispCtrl.vMode.height, DEMO_STRIDE);
    ^~~~~~~~~~
../src/display_demo.c:665:6: warning: conflicting types for 'moveSquare'
 void moveSquare(u8 *frame, u32 width, u32 height, u32 stride){
      ^~~~~~~~~~
../src/display_demo.c:226:4: note: previous implicit declaration of 'moveSquare' was here
    moveSquare(pFrames[dispCtrl.curFrame], dispCtrl.vMode.width, dispCtrl.vMode.height, DEMO_STRIDE);
    ^~~~~~~~~~
../src/display_demo.c: In function 'moveSquare':
../src/display_demo.c:684:7: warning: unused variable 'firstTime' [-Wunused-variable]
   int firstTime = 1;
       ^~~~~~~~~
../src/display_demo.c:674:7: warning: unused variable 'reset' [-Wunused-variable]
   int reset = 0;
       ^~~~~
../src/display_demo.c:670:6: warning: unused variable 'zero' [-Wunused-variable]
  u32 zero = startPixelAddr;
      ^~~~
'Finished building: ../src/display_demo.c'
' '
'Building target: hdmi_out_1.elf'
'Invoking: ARM v7 gcc linker'
arm-none-eabi-gcc -mcpu=cortex-a9 -mfpu=vfpv3 -mfloat-abi=hard -Wl,-build-id=none -specs=Xilinx.spec -Wl,-T -Wl,../src/lscript.ld -L../../hdmi_out_1_bsp/ps7_cortexa9_0/lib -o "hdmi_out_1.elf"  ./src/timer_ps/timer_ps.o  ./src/dynclk/dynclk.o  ./src/display_ctrl/display_ctrl.o  ./src/display_demo.o   -Wl,--start-group,-lxil,-lgcc,-lc,--end-group
'Finished building target: hdmi_out_1.elf'
' '
'Invoking: ARM v7 Print Size'
arm-none-eabi-size hdmi_out_1.elf  |tee "hdmi_out_1.elf.size"
   text	   data	    bss	    dec	    hex	filename
 109944	   2720	24909440	25022104	17dce98	hdmi_out_1.elf
'Finished building: hdmi_out_1.elf.size'
' '
13:44:51 **** Incremental Build of configuration Debug for project hdmi_out_1 ****
make pre-build main-build 
a9-linaro-pre-build-step
' '
make: Ingenting at gøre for 'main-build'.
13:45:12 **** Auto Build of configuration Debug for project hdmi_out_1 ****
make pre-build main-build 
a9-linaro-pre-build-step
' '
'Building file: ../src/display_demo.c'
'Invoking: ARM v7 gcc compiler'
arm-none-eabi-gcc -Wall -O0 -g3 -c -fmessage-length=0 -MT"src/display_demo.o" -mcpu=cortex-a9 -mfpu=vfpv3 -mfloat-abi=hard -I../../hdmi_out_1_bsp/ps7_cortexa9_0/include -MMD -MP -MF"src/display_demo.d" -MT"src/display_demo.o" -o "src/display_demo.o" "../src/display_demo.c"
../src/display_demo.c: In function 'DemoRun':
../src/display_demo.c:217:4: warning: implicit declaration of function 'DemoGoatTest'; did you mean 'DemoPrintTest'? [-Wimplicit-function-declaration]
    DemoGoatTest(pFrames[dispCtrl.curFrame], dispCtrl.vMode.width, dispCtrl.vMode.height, DEMO_STRIDE);
    ^~~~~~~~~~~~
    DemoPrintTest
../src/display_demo.c:221:4: warning: implicit declaration of function 'drawSquare' [-Wimplicit-function-declaration]
    drawSquare(pFrames[dispCtrl.curFrame], dispCtrl.vMode.width, dispCtrl.vMode.height, DEMO_STRIDE);
    ^~~~~~~~~~
../src/display_demo.c:226:4: warning: implicit declaration of function 'moveSquare' [-Wimplicit-function-declaration]
    moveSquare(pFrames[dispCtrl.curFrame], dispCtrl.vMode.width, dispCtrl.vMode.height, DEMO_STRIDE);
    ^~~~~~~~~~
../src/display_demo.c: At top level:
../src/display_demo.c:380:6: warning: conflicting types for 'DemoGoatTest'
 void DemoGoatTest(u8 *frame, u32 width, u32 height, u32 stride){
      ^~~~~~~~~~~~
../src/display_demo.c:217:4: note: previous implicit declaration of 'DemoGoatTest' was here
    DemoGoatTest(pFrames[dispCtrl.curFrame], dispCtrl.vMode.width, dispCtrl.vMode.height, DEMO_STRIDE);
    ^~~~~~~~~~~~
../src/display_demo.c:637:6: warning: conflicting types for 'drawSquare'
 void drawSquare(u8 *frame, u32 width, u32 height, u32 stride){
      ^~~~~~~~~~
../src/display_demo.c:221:4: note: previous implicit declaration of 'drawSquare' was here
    drawSquare(pFrames[dispCtrl.curFrame], dispCtrl.vMode.width, dispCtrl.vMode.height, DEMO_STRIDE);
    ^~~~~~~~~~
../src/display_demo.c:665:6: warning: conflicting types for 'moveSquare'
 void moveSquare(u8 *frame, u32 width, u32 height, u32 stride){
      ^~~~~~~~~~
../src/display_demo.c:226:4: note: previous implicit declaration of 'moveSquare' was here
    moveSquare(pFrames[dispCtrl.curFrame], dispCtrl.vMode.width, dispCtrl.vMode.height, DEMO_STRIDE);
    ^~~~~~~~~~
../src/display_demo.c: In function 'moveSquare':
../src/display_demo.c:684:7: warning: unused variable 'firstTime' [-Wunused-variable]
   int firstTime = 1;
       ^~~~~~~~~
../src/display_demo.c:674:7: warning: unused variable 'reset' [-Wunused-variable]
   int reset = 0;
       ^~~~~
../src/display_demo.c:670:6: warning: unused variable 'zero' [-Wunused-variable]
  u32 zero = startPixelAddr;
      ^~~~
'Finished building: ../src/display_demo.c'
' '
'Building target: hdmi_out_1.elf'
'Invoking: ARM v7 gcc linker'
arm-none-eabi-gcc -mcpu=cortex-a9 -mfpu=vfpv3 -mfloat-abi=hard -Wl,-build-id=none -specs=Xilinx.spec -Wl,-T -Wl,../src/lscript.ld -L../../hdmi_out_1_bsp/ps7_cortexa9_0/lib -o "hdmi_out_1.elf"  ./src/timer_ps/timer_ps.o  ./src/dynclk/dynclk.o  ./src/display_ctrl/display_ctrl.o  ./src/display_demo.o   -Wl,--start-group,-lxil,-lgcc,-lc,--end-group
'Finished building target: hdmi_out_1.elf'
' '
'Invoking: ARM v7 Print Size'
arm-none-eabi-size hdmi_out_1.elf  |tee "hdmi_out_1.elf.size"
   text	   data	    bss	    dec	    hex	filename
 109880	   2720	24909440	25022040	17dce58	hdmi_out_1.elf
'Finished building: hdmi_out_1.elf.size'
' '
13:45:26 **** Incremental Build of configuration Debug for project hdmi_out_1 ****
make pre-build main-build 
a9-linaro-pre-build-step
' '
make: Ingenting at gøre for 'main-build'.
13:45:45 **** Incremental Build of configuration Debug for project hdmi_out_1 ****
make pre-build main-build 
a9-linaro-pre-build-step
' '
make: Ingenting at gøre for 'main-build'.
13:53:21 **** Auto Build of configuration Debug for project hdmi_out_1 ****
make pre-build main-build 
a9-linaro-pre-build-step
' '
'Building file: ../src/display_demo.c'
'Invoking: ARM v7 gcc compiler'
arm-none-eabi-gcc -Wall -O0 -g3 -c -fmessage-length=0 -MT"src/display_demo.o" -mcpu=cortex-a9 -mfpu=vfpv3 -mfloat-abi=hard -I../../hdmi_out_1_bsp/ps7_cortexa9_0/include -MMD -MP -MF"src/display_demo.d" -MT"src/display_demo.o" -o "src/display_demo.o" "../src/display_demo.c"
../src/display_demo.c: In function 'DemoRun':
../src/display_demo.c:217:4: warning: implicit declaration of function 'DemoGoatTest'; did you mean 'DemoPrintTest'? [-Wimplicit-function-declaration]
    DemoGoatTest(pFrames[dispCtrl.curFrame], dispCtrl.vMode.width, dispCtrl.vMode.height, DEMO_STRIDE);
    ^~~~~~~~~~~~
    DemoPrintTest
../src/display_demo.c:221:4: warning: implicit declaration of function 'drawSquare' [-Wimplicit-function-declaration]
    drawSquare(pFrames[dispCtrl.curFrame], dispCtrl.vMode.width, dispCtrl.vMode.height, DEMO_STRIDE);
    ^~~~~~~~~~
../src/display_demo.c:226:4: warning: implicit declaration of function 'moveSquare' [-Wimplicit-function-declaration]
    moveSquare(pFrames[dispCtrl.curFrame], dispCtrl.vMode.width, dispCtrl.vMode.height, DEMO_STRIDE);
    ^~~~~~~~~~
../src/display_demo.c: At top level:
../src/display_demo.c:380:6: warning: conflicting types for 'DemoGoatTest'
 void DemoGoatTest(u8 *frame, u32 width, u32 height, u32 stride){
      ^~~~~~~~~~~~
../src/display_demo.c:217:4: note: previous implicit declaration of 'DemoGoatTest' was here
    DemoGoatTest(pFrames[dispCtrl.curFrame], dispCtrl.vMode.width, dispCtrl.vMode.height, DEMO_STRIDE);
    ^~~~~~~~~~~~
../src/display_demo.c:637:6: warning: conflicting types for 'drawSquare'
 void drawSquare(u8 *frame, u32 width, u32 height, u32 stride){
      ^~~~~~~~~~
../src/display_demo.c:221:4: note: previous implicit declaration of 'drawSquare' was here
    drawSquare(pFrames[dispCtrl.curFrame], dispCtrl.vMode.width, dispCtrl.vMode.height, DEMO_STRIDE);
    ^~~~~~~~~~
../src/display_demo.c:665:6: warning: conflicting types for 'moveSquare'
 void moveSquare(u8 *frame, u32 width, u32 height, u32 stride){
      ^~~~~~~~~~
../src/display_demo.c:226:4: note: previous implicit declaration of 'moveSquare' was here
    moveSquare(pFrames[dispCtrl.curFrame], dispCtrl.vMode.width, dispCtrl.vMode.height, DEMO_STRIDE);
    ^~~~~~~~~~
../src/display_demo.c: In function 'moveSquare':
../src/display_demo.c:684:7: warning: unused variable 'firstTime' [-Wunused-variable]
   int firstTime = 1;
       ^~~~~~~~~
../src/display_demo.c:674:7: warning: unused variable 'reset' [-Wunused-variable]
   int reset = 0;
       ^~~~~
../src/display_demo.c:670:6: warning: unused variable 'zero' [-Wunused-variable]
  u32 zero = startPixelAddr;
      ^~~~
'Finished building: ../src/display_demo.c'
' '
'Building target: hdmi_out_1.elf'
'Invoking: ARM v7 gcc linker'
arm-none-eabi-gcc -mcpu=cortex-a9 -mfpu=vfpv3 -mfloat-abi=hard -Wl,-build-id=none -specs=Xilinx.spec -Wl,-T -Wl,../src/lscript.ld -L../../hdmi_out_1_bsp/ps7_cortexa9_0/lib -o "hdmi_out_1.elf"  ./src/timer_ps/timer_ps.o  ./src/dynclk/dynclk.o  ./src/display_ctrl/display_ctrl.o  ./src/display_demo.o   -Wl,--start-group,-lxil,-lgcc,-lc,--end-group
'Finished building target: hdmi_out_1.elf'
' '
'Invoking: ARM v7 Print Size'
arm-none-eabi-size hdmi_out_1.elf  |tee "hdmi_out_1.elf.size"
   text	   data	    bss	    dec	    hex	filename
 109880	   2720	24909440	25022040	17dce58	hdmi_out_1.elf
'Finished building: hdmi_out_1.elf.size'
' '
13:53:57 **** Auto Build of configuration Debug for project hdmi_out_1 ****
make pre-build main-build 
a9-linaro-pre-build-step
' '
'Building file: ../src/display_demo.c'
'Invoking: ARM v7 gcc compiler'
arm-none-eabi-gcc -Wall -O0 -g3 -c -fmessage-length=0 -MT"src/display_demo.o" -mcpu=cortex-a9 -mfpu=vfpv3 -mfloat-abi=hard -I../../hdmi_out_1_bsp/ps7_cortexa9_0/include -MMD -MP -MF"src/display_demo.d" -MT"src/display_demo.o" -o "src/display_demo.o" "../src/display_demo.c"
../src/display_demo.c: In function 'DemoRun':
../src/display_demo.c:217:4: warning: implicit declaration of function 'DemoGoatTest'; did you mean 'DemoPrintTest'? [-Wimplicit-function-declaration]
    DemoGoatTest(pFrames[dispCtrl.curFrame], dispCtrl.vMode.width, dispCtrl.vMode.height, DEMO_STRIDE);
    ^~~~~~~~~~~~
    DemoPrintTest
../src/display_demo.c:221:4: warning: implicit declaration of function 'drawSquare' [-Wimplicit-function-declaration]
    drawSquare(pFrames[dispCtrl.curFrame], dispCtrl.vMode.width, dispCtrl.vMode.height, DEMO_STRIDE);
    ^~~~~~~~~~
../src/display_demo.c:226:4: warning: implicit declaration of function 'moveSquare' [-Wimplicit-function-declaration]
    moveSquare(pFrames[dispCtrl.curFrame], dispCtrl.vMode.width, dispCtrl.vMode.height, DEMO_STRIDE);
    ^~~~~~~~~~
../src/display_demo.c: At top level:
../src/display_demo.c:380:6: warning: conflicting types for 'DemoGoatTest'
 void DemoGoatTest(u8 *frame, u32 width, u32 height, u32 stride){
      ^~~~~~~~~~~~
../src/display_demo.c:217:4: note: previous implicit declaration of 'DemoGoatTest' was here
    DemoGoatTest(pFrames[dispCtrl.curFrame], dispCtrl.vMode.width, dispCtrl.vMode.height, DEMO_STRIDE);
    ^~~~~~~~~~~~
../src/display_demo.c:637:6: warning: conflicting types for 'drawSquare'
 void drawSquare(u8 *frame, u32 width, u32 height, u32 stride){
      ^~~~~~~~~~
../src/display_demo.c:221:4: note: previous implicit declaration of 'drawSquare' was here
    drawSquare(pFrames[dispCtrl.curFrame], dispCtrl.vMode.width, dispCtrl.vMode.height, DEMO_STRIDE);
    ^~~~~~~~~~
../src/display_demo.c:665:6: warning: conflicting types for 'moveSquare'
 void moveSquare(u8 *frame, u32 width, u32 height, u32 stride){
      ^~~~~~~~~~
../src/display_demo.c:226:4: note: previous implicit declaration of 'moveSquare' was here
    moveSquare(pFrames[dispCtrl.curFrame], dispCtrl.vMode.width, dispCtrl.vMode.height, DEMO_STRIDE);
    ^~~~~~~~~~
../src/display_demo.c: In function 'moveSquare':
../src/display_demo.c:684:7: warning: unused variable 'firstTime' [-Wunused-variable]
   int firstTime = 1;
       ^~~~~~~~~
../src/display_demo.c:674:7: warning: unused variable 'reset' [-Wunused-variable]
   int reset = 0;
       ^~~~~
../src/display_demo.c:670:6: warning: unused variable 'zero' [-Wunused-variable]
  u32 zero = startPixelAddr;
      ^~~~
'Finished building: ../src/display_demo.c'
' '
'Building target: hdmi_out_1.elf'
'Invoking: ARM v7 gcc linker'
arm-none-eabi-gcc -mcpu=cortex-a9 -mfpu=vfpv3 -mfloat-abi=hard -Wl,-build-id=none -specs=Xilinx.spec -Wl,-T -Wl,../src/lscript.ld -L../../hdmi_out_1_bsp/ps7_cortexa9_0/lib -o "hdmi_out_1.elf"  ./src/timer_ps/timer_ps.o  ./src/dynclk/dynclk.o  ./src/display_ctrl/display_ctrl.o  ./src/display_demo.o   -Wl,--start-group,-lxil,-lgcc,-lc,--end-group
'Finished building target: hdmi_out_1.elf'
' '
'Invoking: ARM v7 Print Size'
arm-none-eabi-size hdmi_out_1.elf  |tee "hdmi_out_1.elf.size"
   text	   data	    bss	    dec	    hex	filename
 109880	   2720	24909440	25022040	17dce58	hdmi_out_1.elf
'Finished building: hdmi_out_1.elf.size'
' '
13:54:15 **** Incremental Build of configuration Debug for project hdmi_out_1 ****
make pre-build main-build 
a9-linaro-pre-build-step
' '
make: Ingenting at gøre for 'main-build'.
13:54:52 **** Auto Build of configuration Debug for project hdmi_out_1 ****
make pre-build main-build 
a9-linaro-pre-build-step
' '
'Building file: ../src/display_demo.c'
'Invoking: ARM v7 gcc compiler'
arm-none-eabi-gcc -Wall -O0 -g3 -c -fmessage-length=0 -MT"src/display_demo.o" -mcpu=cortex-a9 -mfpu=vfpv3 -mfloat-abi=hard -I../../hdmi_out_1_bsp/ps7_cortexa9_0/include -MMD -MP -MF"src/display_demo.d" -MT"src/display_demo.o" -o "src/display_demo.o" "../src/display_demo.c"
../src/display_demo.c: In function 'DemoRun':
../src/display_demo.c:217:4: warning: implicit declaration of function 'DemoGoatTest'; did you mean 'DemoPrintTest'? [-Wimplicit-function-declaration]
    DemoGoatTest(pFrames[dispCtrl.curFrame], dispCtrl.vMode.width, dispCtrl.vMode.height, DEMO_STRIDE);
    ^~~~~~~~~~~~
    DemoPrintTest
../src/display_demo.c:221:4: warning: implicit declaration of function 'drawSquare' [-Wimplicit-function-declaration]
    drawSquare(pFrames[dispCtrl.curFrame], dispCtrl.vMode.width, dispCtrl.vMode.height, DEMO_STRIDE);
    ^~~~~~~~~~
../src/display_demo.c:226:4: warning: implicit declaration of function 'moveSquare' [-Wimplicit-function-declaration]
    moveSquare(pFrames[dispCtrl.curFrame], dispCtrl.vMode.width, dispCtrl.vMode.height, DEMO_STRIDE);
    ^~~~~~~~~~
../src/display_demo.c: At top level:
../src/display_demo.c:380:6: warning: conflicting types for 'DemoGoatTest'
 void DemoGoatTest(u8 *frame, u32 width, u32 height, u32 stride){
      ^~~~~~~~~~~~
../src/display_demo.c:217:4: note: previous implicit declaration of 'DemoGoatTest' was here
    DemoGoatTest(pFrames[dispCtrl.curFrame], dispCtrl.vMode.width, dispCtrl.vMode.height, DEMO_STRIDE);
    ^~~~~~~~~~~~
../src/display_demo.c:637:6: warning: conflicting types for 'drawSquare'
 void drawSquare(u8 *frame, u32 width, u32 height, u32 stride){
      ^~~~~~~~~~
../src/display_demo.c:221:4: note: previous implicit declaration of 'drawSquare' was here
    drawSquare(pFrames[dispCtrl.curFrame], dispCtrl.vMode.width, dispCtrl.vMode.height, DEMO_STRIDE);
    ^~~~~~~~~~
../src/display_demo.c:665:6: warning: conflicting types for 'moveSquare'
 void moveSquare(u8 *frame, u32 width, u32 height, u32 stride){
      ^~~~~~~~~~
../src/display_demo.c:226:4: note: previous implicit declaration of 'moveSquare' was here
    moveSquare(pFrames[dispCtrl.curFrame], dispCtrl.vMode.width, dispCtrl.vMode.height, DEMO_STRIDE);
    ^~~~~~~~~~
../src/display_demo.c: In function 'moveSquare':
../src/display_demo.c:684:7: warning: unused variable 'firstTime' [-Wunused-variable]
   int firstTime = 1;
       ^~~~~~~~~
../src/display_demo.c:674:7: warning: unused variable 'reset' [-Wunused-variable]
   int reset = 0;
       ^~~~~
../src/display_demo.c:670:6: warning: unused variable 'zero' [-Wunused-variable]
  u32 zero = startPixelAddr;
      ^~~~
'Finished building: ../src/display_demo.c'
' '
'Building target: hdmi_out_1.elf'
'Invoking: ARM v7 gcc linker'
arm-none-eabi-gcc -mcpu=cortex-a9 -mfpu=vfpv3 -mfloat-abi=hard -Wl,-build-id=none -specs=Xilinx.spec -Wl,-T -Wl,../src/lscript.ld -L../../hdmi_out_1_bsp/ps7_cortexa9_0/lib -o "hdmi_out_1.elf"  ./src/timer_ps/timer_ps.o  ./src/dynclk/dynclk.o  ./src/display_ctrl/display_ctrl.o  ./src/display_demo.o   -Wl,--start-group,-lxil,-lgcc,-lc,--end-group
'Finished building target: hdmi_out_1.elf'
' '
'Invoking: ARM v7 Print Size'
arm-none-eabi-size hdmi_out_1.elf  |tee "hdmi_out_1.elf.size"
   text	   data	    bss	    dec	    hex	filename
 109880	   2720	24909440	25022040	17dce58	hdmi_out_1.elf
'Finished building: hdmi_out_1.elf.size'
' '
13:55:09 **** Incremental Build of configuration Debug for project hdmi_out_1 ****
make pre-build main-build 
a9-linaro-pre-build-step
' '
make: Ingenting at gøre for 'main-build'.
13:56:57 **** Auto Build of configuration Debug for project hdmi_out_1 ****
make pre-build main-build 
a9-linaro-pre-build-step
' '
'Building file: ../src/display_demo.c'
'Invoking: ARM v7 gcc compiler'
arm-none-eabi-gcc -Wall -O0 -g3 -c -fmessage-length=0 -MT"src/display_demo.o" -mcpu=cortex-a9 -mfpu=vfpv3 -mfloat-abi=hard -I../../hdmi_out_1_bsp/ps7_cortexa9_0/include -MMD -MP -MF"src/display_demo.d" -MT"src/display_demo.o" -o "src/display_demo.o" "../src/display_demo.c"
../src/display_demo.c: In function 'DemoRun':
../src/display_demo.c:217:4: warning: implicit declaration of function 'DemoGoatTest'; did you mean 'DemoPrintTest'? [-Wimplicit-function-declaration]
    DemoGoatTest(pFrames[dispCtrl.curFrame], dispCtrl.vMode.width, dispCtrl.vMode.height, DEMO_STRIDE);
    ^~~~~~~~~~~~
    DemoPrintTest
../src/display_demo.c:221:4: warning: implicit declaration of function 'drawSquare' [-Wimplicit-function-declaration]
    drawSquare(pFrames[dispCtrl.curFrame], dispCtrl.vMode.width, dispCtrl.vMode.height, DEMO_STRIDE);
    ^~~~~~~~~~
../src/display_demo.c:226:4: warning: implicit declaration of function 'moveSquare' [-Wimplicit-function-declaration]
    moveSquare(pFrames[dispCtrl.curFrame], dispCtrl.vMode.width, dispCtrl.vMode.height, DEMO_STRIDE);
    ^~~~~~~~~~
../src/display_demo.c: At top level:
../src/display_demo.c:380:6: warning: conflicting types for 'DemoGoatTest'
 void DemoGoatTest(u8 *frame, u32 width, u32 height, u32 stride){
      ^~~~~~~~~~~~
../src/display_demo.c:217:4: note: previous implicit declaration of 'DemoGoatTest' was here
    DemoGoatTest(pFrames[dispCtrl.curFrame], dispCtrl.vMode.width, dispCtrl.vMode.height, DEMO_STRIDE);
    ^~~~~~~~~~~~
../src/display_demo.c:637:6: warning: conflicting types for 'drawSquare'
 void drawSquare(u8 *frame, u32 width, u32 height, u32 stride){
      ^~~~~~~~~~
../src/display_demo.c:221:4: note: previous implicit declaration of 'drawSquare' was here
    drawSquare(pFrames[dispCtrl.curFrame], dispCtrl.vMode.width, dispCtrl.vMode.height, DEMO_STRIDE);
    ^~~~~~~~~~
../src/display_demo.c:665:6: warning: conflicting types for 'moveSquare'
 void moveSquare(u8 *frame, u32 width, u32 height, u32 stride){
      ^~~~~~~~~~
../src/display_demo.c:226:4: note: previous implicit declaration of 'moveSquare' was here
    moveSquare(pFrames[dispCtrl.curFrame], dispCtrl.vMode.width, dispCtrl.vMode.height, DEMO_STRIDE);
    ^~~~~~~~~~
../src/display_demo.c: In function 'moveSquare':
../src/display_demo.c:684:7: warning: unused variable 'firstTime' [-Wunused-variable]
   int firstTime = 1;
       ^~~~~~~~~
../src/display_demo.c:674:7: warning: unused variable 'reset' [-Wunused-variable]
   int reset = 0;
       ^~~~~
../src/display_demo.c:670:6: warning: unused variable 'zero' [-Wunused-variable]
  u32 zero = startPixelAddr;
      ^~~~
'Finished building: ../src/display_demo.c'
' '
'Building target: hdmi_out_1.elf'
'Invoking: ARM v7 gcc linker'
arm-none-eabi-gcc -mcpu=cortex-a9 -mfpu=vfpv3 -mfloat-abi=hard -Wl,-build-id=none -specs=Xilinx.spec -Wl,-T -Wl,../src/lscript.ld -L../../hdmi_out_1_bsp/ps7_cortexa9_0/lib -o "hdmi_out_1.elf"  ./src/timer_ps/timer_ps.o  ./src/dynclk/dynclk.o  ./src/display_ctrl/display_ctrl.o  ./src/display_demo.o   -Wl,--start-group,-lxil,-lgcc,-lc,--end-group
'Finished building target: hdmi_out_1.elf'
' '
'Invoking: ARM v7 Print Size'
arm-none-eabi-size hdmi_out_1.elf  |tee "hdmi_out_1.elf.size"
   text	   data	    bss	    dec	    hex	filename
 109880	   2720	24909440	25022040	17dce58	hdmi_out_1.elf
'Finished building: hdmi_out_1.elf.size'
' '
13:57:09 **** Incremental Build of configuration Debug for project hdmi_out_1 ****
make pre-build main-build 
a9-linaro-pre-build-step
' '
make: Ingenting at gøre for 'main-build'.
16:40:30 **** Incremental Build of configuration Debug for project hdmi_out_1 ****
make pre-build main-build 
a9-linaro-pre-build-step
' '
make: Ingenting at gøre for 'main-build'.
16:44:04 **** Auto Build of configuration Debug for project hdmi_out_1 ****
make pre-build main-build 
a9-linaro-pre-build-step
' '
'Building file: ../src/display_demo.c'
'Invoking: ARM v7 gcc compiler'
arm-none-eabi-gcc -Wall -O0 -g3 -c -fmessage-length=0 -MT"src/display_demo.o" -mcpu=cortex-a9 -mfpu=vfpv3 -mfloat-abi=hard -I../../hdmi_out_1_bsp/ps7_cortexa9_0/include -MMD -MP -MF"src/display_demo.d" -MT"src/display_demo.o" -o "src/display_demo.o" "../src/display_demo.c"
../src/display_demo.c: In function 'DemoRun':
../src/display_demo.c:217:4: warning: implicit declaration of function 'DemoGoatTest'; did you mean 'DemoPrintTest'? [-Wimplicit-function-declaration]
    DemoGoatTest(pFrames[dispCtrl.curFrame], dispCtrl.vMode.width, dispCtrl.vMode.height, DEMO_STRIDE);
    ^~~~~~~~~~~~
    DemoPrintTest
../src/display_demo.c:221:4: warning: implicit declaration of function 'drawSquare' [-Wimplicit-function-declaration]
    drawSquare(pFrames[dispCtrl.curFrame], dispCtrl.vMode.width, dispCtrl.vMode.height, DEMO_STRIDE);
    ^~~~~~~~~~
../src/display_demo.c:226:4: warning: implicit declaration of function 'moveSquare' [-Wimplicit-function-declaration]
    moveSquare(pFrames[dispCtrl.curFrame], dispCtrl.vMode.width, dispCtrl.vMode.height, DEMO_STRIDE);
    ^~~~~~~~~~
../src/display_demo.c: At top level:
../src/display_demo.c:380:6: warning: conflicting types for 'DemoGoatTest'
 void DemoGoatTest(u8 *frame, u32 width, u32 height, u32 stride){
      ^~~~~~~~~~~~
../src/display_demo.c:217:4: note: previous implicit declaration of 'DemoGoatTest' was here
    DemoGoatTest(pFrames[dispCtrl.curFrame], dispCtrl.vMode.width, dispCtrl.vMode.height, DEMO_STRIDE);
    ^~~~~~~~~~~~
../src/display_demo.c:637:6: warning: conflicting types for 'drawSquare'
 void drawSquare(u8 *frame, u32 width, u32 height, u32 stride){
      ^~~~~~~~~~
../src/display_demo.c:221:4: note: previous implicit declaration of 'drawSquare' was here
    drawSquare(pFrames[dispCtrl.curFrame], dispCtrl.vMode.width, dispCtrl.vMode.height, DEMO_STRIDE);
    ^~~~~~~~~~
../src/display_demo.c:665:6: warning: conflicting types for 'moveSquare'
 void moveSquare(u8 *frame, u32 width, u32 height, u32 stride){
      ^~~~~~~~~~
../src/display_demo.c:226:4: note: previous implicit declaration of 'moveSquare' was here
    moveSquare(pFrames[dispCtrl.curFrame], dispCtrl.vMode.width, dispCtrl.vMode.height, DEMO_STRIDE);
    ^~~~~~~~~~
../src/display_demo.c: In function 'moveSquare':
../src/display_demo.c:684:7: warning: unused variable 'firstTime' [-Wunused-variable]
   int firstTime = 1;
       ^~~~~~~~~
../src/display_demo.c:674:7: warning: unused variable 'reset' [-Wunused-variable]
   int reset = 0;
       ^~~~~
../src/display_demo.c:670:6: warning: unused variable 'zero' [-Wunused-variable]
  u32 zero = startPixelAddr;
      ^~~~
'Finished building: ../src/display_demo.c'
' '
'Building target: hdmi_out_1.elf'
'Invoking: ARM v7 gcc linker'
arm-none-eabi-gcc -mcpu=cortex-a9 -mfpu=vfpv3 -mfloat-abi=hard -Wl,-build-id=none -specs=Xilinx.spec -Wl,-T -Wl,../src/lscript.ld -L../../hdmi_out_1_bsp/ps7_cortexa9_0/lib -o "hdmi_out_1.elf"  ./src/timer_ps/timer_ps.o  ./src/dynclk/dynclk.o  ./src/display_ctrl/display_ctrl.o  ./src/display_demo.o   -Wl,--start-group,-lxil,-lgcc,-lc,--end-group
'Finished building target: hdmi_out_1.elf'
' '
'Invoking: ARM v7 Print Size'
arm-none-eabi-size hdmi_out_1.elf  |tee "hdmi_out_1.elf.size"
   text	   data	    bss	    dec	    hex	filename
 109880	   2720	24909440	25022040	17dce58	hdmi_out_1.elf
'Finished building: hdmi_out_1.elf.size'
' '
16:44:27 **** Incremental Build of configuration Debug for project hdmi_out_1 ****
make pre-build main-build 
a9-linaro-pre-build-step
' '
make: Ingenting at gøre for 'main-build'.
16:45:27 **** Auto Build of configuration Debug for project hdmi_out_1 ****
make pre-build main-build 
a9-linaro-pre-build-step
' '
'Building file: ../src/display_demo.c'
'Invoking: ARM v7 gcc compiler'
arm-none-eabi-gcc -Wall -O0 -g3 -c -fmessage-length=0 -MT"src/display_demo.o" -mcpu=cortex-a9 -mfpu=vfpv3 -mfloat-abi=hard -I../../hdmi_out_1_bsp/ps7_cortexa9_0/include -MMD -MP -MF"src/display_demo.d" -MT"src/display_demo.o" -o "src/display_demo.o" "../src/display_demo.c"
../src/display_demo.c: In function 'DemoRun':
../src/display_demo.c:217:4: warning: implicit declaration of function 'DemoGoatTest'; did you mean 'DemoPrintTest'? [-Wimplicit-function-declaration]
    DemoGoatTest(pFrames[dispCtrl.curFrame], dispCtrl.vMode.width, dispCtrl.vMode.height, DEMO_STRIDE);
    ^~~~~~~~~~~~
    DemoPrintTest
../src/display_demo.c:221:4: warning: implicit declaration of function 'drawSquare' [-Wimplicit-function-declaration]
    drawSquare(pFrames[dispCtrl.curFrame], dispCtrl.vMode.width, dispCtrl.vMode.height, DEMO_STRIDE);
    ^~~~~~~~~~
../src/display_demo.c:226:4: warning: implicit declaration of function 'moveSquare' [-Wimplicit-function-declaration]
    moveSquare(pFrames[dispCtrl.curFrame], dispCtrl.vMode.width, dispCtrl.vMode.height, DEMO_STRIDE);
    ^~~~~~~~~~
../src/display_demo.c: At top level:
../src/display_demo.c:380:6: warning: conflicting types for 'DemoGoatTest'
 void DemoGoatTest(u8 *frame, u32 width, u32 height, u32 stride){
      ^~~~~~~~~~~~
../src/display_demo.c:217:4: note: previous implicit declaration of 'DemoGoatTest' was here
    DemoGoatTest(pFrames[dispCtrl.curFrame], dispCtrl.vMode.width, dispCtrl.vMode.height, DEMO_STRIDE);
    ^~~~~~~~~~~~
../src/display_demo.c:637:6: warning: conflicting types for 'drawSquare'
 void drawSquare(u8 *frame, u32 width, u32 height, u32 stride){
      ^~~~~~~~~~
../src/display_demo.c:221:4: note: previous implicit declaration of 'drawSquare' was here
    drawSquare(pFrames[dispCtrl.curFrame], dispCtrl.vMode.width, dispCtrl.vMode.height, DEMO_STRIDE);
    ^~~~~~~~~~
../src/display_demo.c:665:6: warning: conflicting types for 'moveSquare'
 void moveSquare(u8 *frame, u32 width, u32 height, u32 stride){
      ^~~~~~~~~~
../src/display_demo.c:226:4: note: previous implicit declaration of 'moveSquare' was here
    moveSquare(pFrames[dispCtrl.curFrame], dispCtrl.vMode.width, dispCtrl.vMode.height, DEMO_STRIDE);
    ^~~~~~~~~~
../src/display_demo.c: In function 'moveSquare':
../src/display_demo.c:684:7: warning: unused variable 'firstTime' [-Wunused-variable]
   int firstTime = 1;
       ^~~~~~~~~
../src/display_demo.c:674:7: warning: unused variable 'reset' [-Wunused-variable]
   int reset = 0;
       ^~~~~
../src/display_demo.c:670:6: warning: unused variable 'zero' [-Wunused-variable]
  u32 zero = startPixelAddr;
      ^~~~
'Finished building: ../src/display_demo.c'
' '
'Building target: hdmi_out_1.elf'
'Invoking: ARM v7 gcc linker'
arm-none-eabi-gcc -mcpu=cortex-a9 -mfpu=vfpv3 -mfloat-abi=hard -Wl,-build-id=none -specs=Xilinx.spec -Wl,-T -Wl,../src/lscript.ld -L../../hdmi_out_1_bsp/ps7_cortexa9_0/lib -o "hdmi_out_1.elf"  ./src/timer_ps/timer_ps.o  ./src/dynclk/dynclk.o  ./src/display_ctrl/display_ctrl.o  ./src/display_demo.o   -Wl,--start-group,-lxil,-lgcc,-lc,--end-group
'Finished building target: hdmi_out_1.elf'
' '
'Invoking: ARM v7 Print Size'
arm-none-eabi-size hdmi_out_1.elf  |tee "hdmi_out_1.elf.size"
   text	   data	    bss	    dec	    hex	filename
 109880	   2720	24909440	25022040	17dce58	hdmi_out_1.elf
'Finished building: hdmi_out_1.elf.size'
' '
16:45:55 **** Incremental Build of configuration Debug for project hdmi_out_1 ****
make pre-build main-build 
a9-linaro-pre-build-step
' '
make: Ingenting at gøre for 'main-build'.
16:47:52 **** Auto Build of configuration Debug for project hdmi_out_1 ****
make pre-build main-build 
a9-linaro-pre-build-step
' '
'Building file: ../src/display_demo.c'
'Invoking: ARM v7 gcc compiler'
arm-none-eabi-gcc -Wall -O0 -g3 -c -fmessage-length=0 -MT"src/display_demo.o" -mcpu=cortex-a9 -mfpu=vfpv3 -mfloat-abi=hard -I../../hdmi_out_1_bsp/ps7_cortexa9_0/include -MMD -MP -MF"src/display_demo.d" -MT"src/display_demo.o" -o "src/display_demo.o" "../src/display_demo.c"
../src/display_demo.c: In function 'DemoRun':
../src/display_demo.c:217:4: warning: implicit declaration of function 'DemoGoatTest'; did you mean 'DemoPrintTest'? [-Wimplicit-function-declaration]
    DemoGoatTest(pFrames[dispCtrl.curFrame], dispCtrl.vMode.width, dispCtrl.vMode.height, DEMO_STRIDE);
    ^~~~~~~~~~~~
    DemoPrintTest
../src/display_demo.c:221:4: warning: implicit declaration of function 'drawSquare' [-Wimplicit-function-declaration]
    drawSquare(pFrames[dispCtrl.curFrame], dispCtrl.vMode.width, dispCtrl.vMode.height, DEMO_STRIDE);
    ^~~~~~~~~~
../src/display_demo.c:226:4: warning: implicit declaration of function 'moveSquare' [-Wimplicit-function-declaration]
    moveSquare(pFrames[dispCtrl.curFrame], dispCtrl.vMode.width, dispCtrl.vMode.height, DEMO_STRIDE);
    ^~~~~~~~~~
../src/display_demo.c: At top level:
../src/display_demo.c:380:6: warning: conflicting types for 'DemoGoatTest'
 void DemoGoatTest(u8 *frame, u32 width, u32 height, u32 stride){
      ^~~~~~~~~~~~
../src/display_demo.c:217:4: note: previous implicit declaration of 'DemoGoatTest' was here
    DemoGoatTest(pFrames[dispCtrl.curFrame], dispCtrl.vMode.width, dispCtrl.vMode.height, DEMO_STRIDE);
    ^~~~~~~~~~~~
../src/display_demo.c:637:6: warning: conflicting types for 'drawSquare'
 void drawSquare(u8 *frame, u32 width, u32 height, u32 stride){
      ^~~~~~~~~~
../src/display_demo.c:221:4: note: previous implicit declaration of 'drawSquare' was here
    drawSquare(pFrames[dispCtrl.curFrame], dispCtrl.vMode.width, dispCtrl.vMode.height, DEMO_STRIDE);
    ^~~~~~~~~~
../src/display_demo.c:665:6: warning: conflicting types for 'moveSquare'
 void moveSquare(u8 *frame, u32 width, u32 height, u32 stride){
      ^~~~~~~~~~
../src/display_demo.c:226:4: note: previous implicit declaration of 'moveSquare' was here
    moveSquare(pFrames[dispCtrl.curFrame], dispCtrl.vMode.width, dispCtrl.vMode.height, DEMO_STRIDE);
    ^~~~~~~~~~
../src/display_demo.c: In function 'moveSquare':
../src/display_demo.c:684:7: warning: unused variable 'firstTime' [-Wunused-variable]
   int firstTime = 1;
       ^~~~~~~~~
../src/display_demo.c:674:7: warning: unused variable 'reset' [-Wunused-variable]
   int reset = 0;
       ^~~~~
../src/display_demo.c:670:6: warning: unused variable 'zero' [-Wunused-variable]
  u32 zero = startPixelAddr;
      ^~~~
'Finished building: ../src/display_demo.c'
' '
'Building target: hdmi_out_1.elf'
'Invoking: ARM v7 gcc linker'
arm-none-eabi-gcc -mcpu=cortex-a9 -mfpu=vfpv3 -mfloat-abi=hard -Wl,-build-id=none -specs=Xilinx.spec -Wl,-T -Wl,../src/lscript.ld -L../../hdmi_out_1_bsp/ps7_cortexa9_0/lib -o "hdmi_out_1.elf"  ./src/timer_ps/timer_ps.o  ./src/dynclk/dynclk.o  ./src/display_ctrl/display_ctrl.o  ./src/display_demo.o   -Wl,--start-group,-lxil,-lgcc,-lc,--end-group
'Finished building target: hdmi_out_1.elf'
' '
'Invoking: ARM v7 Print Size'
arm-none-eabi-size hdmi_out_1.elf  |tee "hdmi_out_1.elf.size"
   text	   data	    bss	    dec	    hex	filename
 109880	   2720	24909440	25022040	17dce58	hdmi_out_1.elf
'Finished building: hdmi_out_1.elf.size'
' '
16:48:10 **** Incremental Build of configuration Debug for project hdmi_out_1 ****
make pre-build main-build 
a9-linaro-pre-build-step
' '
make: Ingenting at gøre for 'main-build'.
16:53:34 **** Auto Build of configuration Debug for project hdmi_out_1 ****
make pre-build main-build 
a9-linaro-pre-build-step
' '
'Building file: ../src/display_demo.c'
'Invoking: ARM v7 gcc compiler'
arm-none-eabi-gcc -Wall -O0 -g3 -c -fmessage-length=0 -MT"src/display_demo.o" -mcpu=cortex-a9 -mfpu=vfpv3 -mfloat-abi=hard -I../../hdmi_out_1_bsp/ps7_cortexa9_0/include -MMD -MP -MF"src/display_demo.d" -MT"src/display_demo.o" -o "src/display_demo.o" "../src/display_demo.c"
../src/display_demo.c: In function 'DemoRun':
../src/display_demo.c:217:4: warning: implicit declaration of function 'DemoGoatTest'; did you mean 'DemoPrintTest'? [-Wimplicit-function-declaration]
    DemoGoatTest(pFrames[dispCtrl.curFrame], dispCtrl.vMode.width, dispCtrl.vMode.height, DEMO_STRIDE);
    ^~~~~~~~~~~~
    DemoPrintTest
../src/display_demo.c:221:4: warning: implicit declaration of function 'drawSquare' [-Wimplicit-function-declaration]
    drawSquare(pFrames[dispCtrl.curFrame], dispCtrl.vMode.width, dispCtrl.vMode.height, DEMO_STRIDE);
    ^~~~~~~~~~
../src/display_demo.c:226:4: warning: implicit declaration of function 'moveSquare' [-Wimplicit-function-declaration]
    moveSquare(pFrames[dispCtrl.curFrame], dispCtrl.vMode.width, dispCtrl.vMode.height, DEMO_STRIDE);
    ^~~~~~~~~~
../src/display_demo.c: At top level:
../src/display_demo.c:380:6: warning: conflicting types for 'DemoGoatTest'
 void DemoGoatTest(u8 *frame, u32 width, u32 height, u32 stride){
      ^~~~~~~~~~~~
../src/display_demo.c:217:4: note: previous implicit declaration of 'DemoGoatTest' was here
    DemoGoatTest(pFrames[dispCtrl.curFrame], dispCtrl.vMode.width, dispCtrl.vMode.height, DEMO_STRIDE);
    ^~~~~~~~~~~~
../src/display_demo.c:637:6: warning: conflicting types for 'drawSquare'
 void drawSquare(u8 *frame, u32 width, u32 height, u32 stride){
      ^~~~~~~~~~
../src/display_demo.c:221:4: note: previous implicit declaration of 'drawSquare' was here
    drawSquare(pFrames[dispCtrl.curFrame], dispCtrl.vMode.width, dispCtrl.vMode.height, DEMO_STRIDE);
    ^~~~~~~~~~
../src/display_demo.c:665:6: warning: conflicting types for 'moveSquare'
 void moveSquare(u8 *frame, u32 width, u32 height, u32 stride){
      ^~~~~~~~~~
../src/display_demo.c:226:4: note: previous implicit declaration of 'moveSquare' was here
    moveSquare(pFrames[dispCtrl.curFrame], dispCtrl.vMode.width, dispCtrl.vMode.height, DEMO_STRIDE);
    ^~~~~~~~~~
../src/display_demo.c: In function 'moveSquare':
../src/display_demo.c:684:7: warning: unused variable 'firstTime' [-Wunused-variable]
   int firstTime = 1;
       ^~~~~~~~~
../src/display_demo.c:674:7: warning: unused variable 'reset' [-Wunused-variable]
   int reset = 0;
       ^~~~~
../src/display_demo.c:670:6: warning: unused variable 'zero' [-Wunused-variable]
  u32 zero = startPixelAddr;
      ^~~~
'Finished building: ../src/display_demo.c'
' '
'Building target: hdmi_out_1.elf'
'Invoking: ARM v7 gcc linker'
arm-none-eabi-gcc -mcpu=cortex-a9 -mfpu=vfpv3 -mfloat-abi=hard -Wl,-build-id=none -specs=Xilinx.spec -Wl,-T -Wl,../src/lscript.ld -L../../hdmi_out_1_bsp/ps7_cortexa9_0/lib -o "hdmi_out_1.elf"  ./src/timer_ps/timer_ps.o  ./src/dynclk/dynclk.o  ./src/display_ctrl/display_ctrl.o  ./src/display_demo.o   -Wl,--start-group,-lxil,-lgcc,-lc,--end-group
'Finished building target: hdmi_out_1.elf'
' '
'Invoking: ARM v7 Print Size'
arm-none-eabi-size hdmi_out_1.elf  |tee "hdmi_out_1.elf.size"
   text	   data	    bss	    dec	    hex	filename
 109880	   2720	24909440	25022040	17dce58	hdmi_out_1.elf
'Finished building: hdmi_out_1.elf.size'
' '
16:53:54 **** Incremental Build of configuration Debug for project hdmi_out_1 ****
make pre-build main-build 
a9-linaro-pre-build-step
' '
make: Ingenting at gøre for 'main-build'.
16:55:03 **** Incremental Build of configuration Debug for project hdmi_out_1 ****
make pre-build main-build 
a9-linaro-pre-build-step
' '
make: Ingenting at gøre for 'main-build'.
16:57:02 **** Auto Build of configuration Debug for project hdmi_out_1 ****
make pre-build main-build 
a9-linaro-pre-build-step
' '
'Building file: ../src/display_demo.c'
'Invoking: ARM v7 gcc compiler'
arm-none-eabi-gcc -Wall -O0 -g3 -c -fmessage-length=0 -MT"src/display_demo.o" -mcpu=cortex-a9 -mfpu=vfpv3 -mfloat-abi=hard -I../../hdmi_out_1_bsp/ps7_cortexa9_0/include -MMD -MP -MF"src/display_demo.d" -MT"src/display_demo.o" -o "src/display_demo.o" "../src/display_demo.c"
../src/display_demo.c: In function 'DemoRun':
../src/display_demo.c:217:4: warning: implicit declaration of function 'DemoGoatTest'; did you mean 'DemoPrintTest'? [-Wimplicit-function-declaration]
    DemoGoatTest(pFrames[dispCtrl.curFrame], dispCtrl.vMode.width, dispCtrl.vMode.height, DEMO_STRIDE);
    ^~~~~~~~~~~~
    DemoPrintTest
../src/display_demo.c:221:4: warning: implicit declaration of function 'drawSquare' [-Wimplicit-function-declaration]
    drawSquare(pFrames[dispCtrl.curFrame], dispCtrl.vMode.width, dispCtrl.vMode.height, DEMO_STRIDE);
    ^~~~~~~~~~
../src/display_demo.c:226:4: warning: implicit declaration of function 'moveSquare' [-Wimplicit-function-declaration]
    moveSquare(pFrames[dispCtrl.curFrame], dispCtrl.vMode.width, dispCtrl.vMode.height, DEMO_STRIDE);
    ^~~~~~~~~~
../src/display_demo.c: At top level:
../src/display_demo.c:380:6: warning: conflicting types for 'DemoGoatTest'
 void DemoGoatTest(u8 *frame, u32 width, u32 height, u32 stride){
      ^~~~~~~~~~~~
../src/display_demo.c:217:4: note: previous implicit declaration of 'DemoGoatTest' was here
    DemoGoatTest(pFrames[dispCtrl.curFrame], dispCtrl.vMode.width, dispCtrl.vMode.height, DEMO_STRIDE);
    ^~~~~~~~~~~~
../src/display_demo.c:637:6: warning: conflicting types for 'drawSquare'
 void drawSquare(u8 *frame, u32 width, u32 height, u32 stride){
      ^~~~~~~~~~
../src/display_demo.c:221:4: note: previous implicit declaration of 'drawSquare' was here
    drawSquare(pFrames[dispCtrl.curFrame], dispCtrl.vMode.width, dispCtrl.vMode.height, DEMO_STRIDE);
    ^~~~~~~~~~
../src/display_demo.c:665:6: warning: conflicting types for 'moveSquare'
 void moveSquare(u8 *frame, u32 width, u32 height, u32 stride){
      ^~~~~~~~~~
../src/display_demo.c:226:4: note: previous implicit declaration of 'moveSquare' was here
    moveSquare(pFrames[dispCtrl.curFrame], dispCtrl.vMode.width, dispCtrl.vMode.height, DEMO_STRIDE);
    ^~~~~~~~~~
../src/display_demo.c: In function 'moveSquare':
../src/display_demo.c:684:7: warning: unused variable 'firstTime' [-Wunused-variable]
   int firstTime = 1;
       ^~~~~~~~~
../src/display_demo.c:674:7: warning: unused variable 'reset' [-Wunused-variable]
   int reset = 0;
       ^~~~~
../src/display_demo.c:670:6: warning: unused variable 'zero' [-Wunused-variable]
  u32 zero = startPixelAddr;
      ^~~~
'Finished building: ../src/display_demo.c'
' '
'Building target: hdmi_out_1.elf'
'Invoking: ARM v7 gcc linker'
arm-none-eabi-gcc -mcpu=cortex-a9 -mfpu=vfpv3 -mfloat-abi=hard -Wl,-build-id=none -specs=Xilinx.spec -Wl,-T -Wl,../src/lscript.ld -L../../hdmi_out_1_bsp/ps7_cortexa9_0/lib -o "hdmi_out_1.elf"  ./src/timer_ps/timer_ps.o  ./src/dynclk/dynclk.o  ./src/display_ctrl/display_ctrl.o  ./src/display_demo.o   -Wl,--start-group,-lxil,-lgcc,-lc,--end-group
'Finished building target: hdmi_out_1.elf'
' '
'Invoking: ARM v7 Print Size'
arm-none-eabi-size hdmi_out_1.elf  |tee "hdmi_out_1.elf.size"
   text	   data	    bss	    dec	    hex	filename
 109880	   2720	24909440	25022040	17dce58	hdmi_out_1.elf
'Finished building: hdmi_out_1.elf.size'
' '
16:57:26 **** Incremental Build of configuration Debug for project hdmi_out_1 ****
make pre-build main-build 
a9-linaro-pre-build-step
' '
make: Ingenting at gøre for 'main-build'.
16:58:23 **** Auto Build of configuration Debug for project hdmi_out_1 ****
make pre-build main-build 
a9-linaro-pre-build-step
' '
'Building file: ../src/display_demo.c'
'Invoking: ARM v7 gcc compiler'
arm-none-eabi-gcc -Wall -O0 -g3 -c -fmessage-length=0 -MT"src/display_demo.o" -mcpu=cortex-a9 -mfpu=vfpv3 -mfloat-abi=hard -I../../hdmi_out_1_bsp/ps7_cortexa9_0/include -MMD -MP -MF"src/display_demo.d" -MT"src/display_demo.o" -o "src/display_demo.o" "../src/display_demo.c"
../src/display_demo.c: In function 'DemoRun':
../src/display_demo.c:217:4: warning: implicit declaration of function 'DemoGoatTest'; did you mean 'DemoPrintTest'? [-Wimplicit-function-declaration]
    DemoGoatTest(pFrames[dispCtrl.curFrame], dispCtrl.vMode.width, dispCtrl.vMode.height, DEMO_STRIDE);
    ^~~~~~~~~~~~
    DemoPrintTest
../src/display_demo.c:221:4: warning: implicit declaration of function 'drawSquare' [-Wimplicit-function-declaration]
    drawSquare(pFrames[dispCtrl.curFrame], dispCtrl.vMode.width, dispCtrl.vMode.height, DEMO_STRIDE);
    ^~~~~~~~~~
../src/display_demo.c:226:4: warning: implicit declaration of function 'moveSquare' [-Wimplicit-function-declaration]
    moveSquare(pFrames[dispCtrl.curFrame], dispCtrl.vMode.width, dispCtrl.vMode.height, DEMO_STRIDE);
    ^~~~~~~~~~
../src/display_demo.c: At top level:
../src/display_demo.c:380:6: warning: conflicting types for 'DemoGoatTest'
 void DemoGoatTest(u8 *frame, u32 width, u32 height, u32 stride){
      ^~~~~~~~~~~~
../src/display_demo.c:217:4: note: previous implicit declaration of 'DemoGoatTest' was here
    DemoGoatTest(pFrames[dispCtrl.curFrame], dispCtrl.vMode.width, dispCtrl.vMode.height, DEMO_STRIDE);
    ^~~~~~~~~~~~
../src/display_demo.c:637:6: warning: conflicting types for 'drawSquare'
 void drawSquare(u8 *frame, u32 width, u32 height, u32 stride){
      ^~~~~~~~~~
../src/display_demo.c:221:4: note: previous implicit declaration of 'drawSquare' was here
    drawSquare(pFrames[dispCtrl.curFrame], dispCtrl.vMode.width, dispCtrl.vMode.height, DEMO_STRIDE);
    ^~~~~~~~~~
../src/display_demo.c:665:6: warning: conflicting types for 'moveSquare'
 void moveSquare(u8 *frame, u32 width, u32 height, u32 stride){
      ^~~~~~~~~~
../src/display_demo.c:226:4: note: previous implicit declaration of 'moveSquare' was here
    moveSquare(pFrames[dispCtrl.curFrame], dispCtrl.vMode.width, dispCtrl.vMode.height, DEMO_STRIDE);
    ^~~~~~~~~~
../src/display_demo.c: In function 'moveSquare':
../src/display_demo.c:684:7: warning: unused variable 'firstTime' [-Wunused-variable]
   int firstTime = 1;
       ^~~~~~~~~
../src/display_demo.c:674:7: warning: unused variable 'reset' [-Wunused-variable]
   int reset = 0;
       ^~~~~
../src/display_demo.c:670:6: warning: unused variable 'zero' [-Wunused-variable]
  u32 zero = startPixelAddr;
      ^~~~
'Finished building: ../src/display_demo.c'
' '
'Building target: hdmi_out_1.elf'
'Invoking: ARM v7 gcc linker'
arm-none-eabi-gcc -mcpu=cortex-a9 -mfpu=vfpv3 -mfloat-abi=hard -Wl,-build-id=none -specs=Xilinx.spec -Wl,-T -Wl,../src/lscript.ld -L../../hdmi_out_1_bsp/ps7_cortexa9_0/lib -o "hdmi_out_1.elf"  ./src/timer_ps/timer_ps.o  ./src/dynclk/dynclk.o  ./src/display_ctrl/display_ctrl.o  ./src/display_demo.o   -Wl,--start-group,-lxil,-lgcc,-lc,--end-group
'Finished building target: hdmi_out_1.elf'
' '
'Invoking: ARM v7 Print Size'
arm-none-eabi-size hdmi_out_1.elf  |tee "hdmi_out_1.elf.size"
   text	   data	    bss	    dec	    hex	filename
 109880	   2720	24909440	25022040	17dce58	hdmi_out_1.elf
'Finished building: hdmi_out_1.elf.size'
' '
16:58:39 **** Incremental Build of configuration Debug for project hdmi_out_1 ****
make pre-build main-build 
a9-linaro-pre-build-step
' '
make: Ingenting at gøre for 'main-build'.
17:00:51 **** Auto Build of configuration Debug for project hdmi_out_1 ****
make pre-build main-build 
a9-linaro-pre-build-step
' '
'Building file: ../src/display_demo.c'
'Invoking: ARM v7 gcc compiler'
arm-none-eabi-gcc -Wall -O0 -g3 -c -fmessage-length=0 -MT"src/display_demo.o" -mcpu=cortex-a9 -mfpu=vfpv3 -mfloat-abi=hard -I../../hdmi_out_1_bsp/ps7_cortexa9_0/include -MMD -MP -MF"src/display_demo.d" -MT"src/display_demo.o" -o "src/display_demo.o" "../src/display_demo.c"
../src/display_demo.c: In function 'DemoRun':
../src/display_demo.c:217:4: warning: implicit declaration of function 'DemoGoatTest'; did you mean 'DemoPrintTest'? [-Wimplicit-function-declaration]
    DemoGoatTest(pFrames[dispCtrl.curFrame], dispCtrl.vMode.width, dispCtrl.vMode.height, DEMO_STRIDE);
    ^~~~~~~~~~~~
    DemoPrintTest
../src/display_demo.c:221:4: warning: implicit declaration of function 'drawSquare' [-Wimplicit-function-declaration]
    drawSquare(pFrames[dispCtrl.curFrame], dispCtrl.vMode.width, dispCtrl.vMode.height, DEMO_STRIDE);
    ^~~~~~~~~~
../src/display_demo.c:226:4: warning: implicit declaration of function 'moveSquare' [-Wimplicit-function-declaration]
    moveSquare(pFrames[dispCtrl.curFrame], dispCtrl.vMode.width, dispCtrl.vMode.height, DEMO_STRIDE);
    ^~~~~~~~~~
../src/display_demo.c: At top level:
../src/display_demo.c:380:6: warning: conflicting types for 'DemoGoatTest'
 void DemoGoatTest(u8 *frame, u32 width, u32 height, u32 stride){
      ^~~~~~~~~~~~
../src/display_demo.c:217:4: note: previous implicit declaration of 'DemoGoatTest' was here
    DemoGoatTest(pFrames[dispCtrl.curFrame], dispCtrl.vMode.width, dispCtrl.vMode.height, DEMO_STRIDE);
    ^~~~~~~~~~~~
../src/display_demo.c:637:6: warning: conflicting types for 'drawSquare'
 void drawSquare(u8 *frame, u32 width, u32 height, u32 stride){
      ^~~~~~~~~~
../src/display_demo.c:221:4: note: previous implicit declaration of 'drawSquare' was here
    drawSquare(pFrames[dispCtrl.curFrame], dispCtrl.vMode.width, dispCtrl.vMode.height, DEMO_STRIDE);
    ^~~~~~~~~~
../src/display_demo.c:665:6: warning: conflicting types for 'moveSquare'
 void moveSquare(u8 *frame, u32 width, u32 height, u32 stride){
      ^~~~~~~~~~
../src/display_demo.c:226:4: note: previous implicit declaration of 'moveSquare' was here
    moveSquare(pFrames[dispCtrl.curFrame], dispCtrl.vMode.width, dispCtrl.vMode.height, DEMO_STRIDE);
    ^~~~~~~~~~
../src/display_demo.c: In function 'moveSquare':
../src/display_demo.c:684:7: warning: unused variable 'firstTime' [-Wunused-variable]
   int firstTime = 1;
       ^~~~~~~~~
../src/display_demo.c:674:7: warning: unused variable 'reset' [-Wunused-variable]
   int reset = 0;
       ^~~~~
../src/display_demo.c:670:6: warning: unused variable 'zero' [-Wunused-variable]
  u32 zero = startPixelAddr;
      ^~~~
'Finished building: ../src/display_demo.c'
' '
'Building target: hdmi_out_1.elf'
'Invoking: ARM v7 gcc linker'
arm-none-eabi-gcc -mcpu=cortex-a9 -mfpu=vfpv3 -mfloat-abi=hard -Wl,-build-id=none -specs=Xilinx.spec -Wl,-T -Wl,../src/lscript.ld -L../../hdmi_out_1_bsp/ps7_cortexa9_0/lib -o "hdmi_out_1.elf"  ./src/timer_ps/timer_ps.o  ./src/dynclk/dynclk.o  ./src/display_ctrl/display_ctrl.o  ./src/display_demo.o   -Wl,--start-group,-lxil,-lgcc,-lc,--end-group
'Finished building target: hdmi_out_1.elf'
' '
'Invoking: ARM v7 Print Size'
arm-none-eabi-size hdmi_out_1.elf  |tee "hdmi_out_1.elf.size"
   text	   data	    bss	    dec	    hex	filename
 109880	   2720	24909440	25022040	17dce58	hdmi_out_1.elf
'Finished building: hdmi_out_1.elf.size'
' '
17:01:01 **** Auto Build of configuration Debug for project hdmi_out_1 ****
make pre-build main-build 
a9-linaro-pre-build-step
' '
'Building file: ../src/display_demo.c'
'Invoking: ARM v7 gcc compiler'
arm-none-eabi-gcc -Wall -O0 -g3 -c -fmessage-length=0 -MT"src/display_demo.o" -mcpu=cortex-a9 -mfpu=vfpv3 -mfloat-abi=hard -I../../hdmi_out_1_bsp/ps7_cortexa9_0/include -MMD -MP -MF"src/display_demo.d" -MT"src/display_demo.o" -o "src/display_demo.o" "../src/display_demo.c"
../src/display_demo.c: In function 'DemoRun':
../src/display_demo.c:217:4: warning: implicit declaration of function 'DemoGoatTest'; did you mean 'DemoPrintTest'? [-Wimplicit-function-declaration]
    DemoGoatTest(pFrames[dispCtrl.curFrame], dispCtrl.vMode.width, dispCtrl.vMode.height, DEMO_STRIDE);
    ^~~~~~~~~~~~
    DemoPrintTest
../src/display_demo.c:221:4: warning: implicit declaration of function 'drawSquare' [-Wimplicit-function-declaration]
    drawSquare(pFrames[dispCtrl.curFrame], dispCtrl.vMode.width, dispCtrl.vMode.height, DEMO_STRIDE);
    ^~~~~~~~~~
../src/display_demo.c:226:4: warning: implicit declaration of function 'moveSquare' [-Wimplicit-function-declaration]
    moveSquare(pFrames[dispCtrl.curFrame], dispCtrl.vMode.width, dispCtrl.vMode.height, DEMO_STRIDE);
    ^~~~~~~~~~
../src/display_demo.c: At top level:
../src/display_demo.c:380:6: warning: conflicting types for 'DemoGoatTest'
 void DemoGoatTest(u8 *frame, u32 width, u32 height, u32 stride){
      ^~~~~~~~~~~~
../src/display_demo.c:217:4: note: previous implicit declaration of 'DemoGoatTest' was here
    DemoGoatTest(pFrames[dispCtrl.curFrame], dispCtrl.vMode.width, dispCtrl.vMode.height, DEMO_STRIDE);
    ^~~~~~~~~~~~
../src/display_demo.c:637:6: warning: conflicting types for 'drawSquare'
 void drawSquare(u8 *frame, u32 width, u32 height, u32 stride){
      ^~~~~~~~~~
../src/display_demo.c:221:4: note: previous implicit declaration of 'drawSquare' was here
    drawSquare(pFrames[dispCtrl.curFrame], dispCtrl.vMode.width, dispCtrl.vMode.height, DEMO_STRIDE);
    ^~~~~~~~~~
../src/display_demo.c:665:6: warning: conflicting types for 'moveSquare'
 void moveSquare(u8 *frame, u32 width, u32 height, u32 stride){
      ^~~~~~~~~~
../src/display_demo.c:226:4: note: previous implicit declaration of 'moveSquare' was here
    moveSquare(pFrames[dispCtrl.curFrame], dispCtrl.vMode.width, dispCtrl.vMode.height, DEMO_STRIDE);
    ^~~~~~~~~~
../src/display_demo.c: In function 'moveSquare':
../src/display_demo.c:684:7: warning: unused variable 'firstTime' [-Wunused-variable]
   int firstTime = 1;
       ^~~~~~~~~
../src/display_demo.c:674:7: warning: unused variable 'reset' [-Wunused-variable]
   int reset = 0;
       ^~~~~
../src/display_demo.c:670:6: warning: unused variable 'zero' [-Wunused-variable]
  u32 zero = startPixelAddr;
      ^~~~
'Finished building: ../src/display_demo.c'
' '
'Building target: hdmi_out_1.elf'
'Invoking: ARM v7 gcc linker'
arm-none-eabi-gcc -mcpu=cortex-a9 -mfpu=vfpv3 -mfloat-abi=hard -Wl,-build-id=none -specs=Xilinx.spec -Wl,-T -Wl,../src/lscript.ld -L../../hdmi_out_1_bsp/ps7_cortexa9_0/lib -o "hdmi_out_1.elf"  ./src/timer_ps/timer_ps.o  ./src/dynclk/dynclk.o  ./src/display_ctrl/display_ctrl.o  ./src/display_demo.o   -Wl,--start-group,-lxil,-lgcc,-lc,--end-group
'Finished building target: hdmi_out_1.elf'
' '
'Invoking: ARM v7 Print Size'
arm-none-eabi-size hdmi_out_1.elf  |tee "hdmi_out_1.elf.size"
   text	   data	    bss	    dec	    hex	filename
 109880	   2720	24909440	25022040	17dce58	hdmi_out_1.elf
'Finished building: hdmi_out_1.elf.size'
' '
17:01:26 **** Incremental Build of configuration Debug for project hdmi_out_1 ****
make pre-build main-build 
a9-linaro-pre-build-step
' '
make: Ingenting at gøre for 'main-build'.
17:03:57 **** Auto Build of configuration Debug for project hdmi_out_1 ****
make pre-build main-build 
a9-linaro-pre-build-step
' '
'Building file: ../src/display_demo.c'
'Invoking: ARM v7 gcc compiler'
arm-none-eabi-gcc -Wall -O0 -g3 -c -fmessage-length=0 -MT"src/display_demo.o" -mcpu=cortex-a9 -mfpu=vfpv3 -mfloat-abi=hard -I../../hdmi_out_1_bsp/ps7_cortexa9_0/include -MMD -MP -MF"src/display_demo.d" -MT"src/display_demo.o" -o "src/display_demo.o" "../src/display_demo.c"
../src/display_demo.c: In function 'DemoRun':
../src/display_demo.c:217:4: warning: implicit declaration of function 'DemoGoatTest'; did you mean 'DemoPrintTest'? [-Wimplicit-function-declaration]
    DemoGoatTest(pFrames[dispCtrl.curFrame], dispCtrl.vMode.width, dispCtrl.vMode.height, DEMO_STRIDE);
    ^~~~~~~~~~~~
    DemoPrintTest
../src/display_demo.c:221:4: warning: implicit declaration of function 'drawSquare' [-Wimplicit-function-declaration]
    drawSquare(pFrames[dispCtrl.curFrame], dispCtrl.vMode.width, dispCtrl.vMode.height, DEMO_STRIDE);
    ^~~~~~~~~~
../src/display_demo.c:226:4: warning: implicit declaration of function 'moveSquare' [-Wimplicit-function-declaration]
    moveSquare(pFrames[dispCtrl.curFrame], dispCtrl.vMode.width, dispCtrl.vMode.height, DEMO_STRIDE);
    ^~~~~~~~~~
../src/display_demo.c: At top level:
../src/display_demo.c:380:6: warning: conflicting types for 'DemoGoatTest'
 void DemoGoatTest(u8 *frame, u32 width, u32 height, u32 stride){
      ^~~~~~~~~~~~
../src/display_demo.c:217:4: note: previous implicit declaration of 'DemoGoatTest' was here
    DemoGoatTest(pFrames[dispCtrl.curFrame], dispCtrl.vMode.width, dispCtrl.vMode.height, DEMO_STRIDE);
[...]
xtime_l.h:89:9: note: #pragma message: For the sleep routines, Global timer is being used
 #pragma message ("For the sleep routines, Global timer is being used")
         ^~~~~~~
In file included from xil_sleeptimer.c:55:0:
xtime_l.h:89:9: note: #pragma message: For the sleep routines, Global timer is being used
 #pragma message ("For the sleep routines, Global timer is being used")
         ^~~~~~~
In file included from xtime_l.c:53:0:
xtime_l.h:89:9: note: #pragma message: For the sleep routines, Global timer is being used
 #pragma message ("For the sleep routines, Global timer is being used")
         ^~~~~~~
"Running Make libs in ps7_cortexa9_0/libsrc/ttcps_v3_6/src"
make -C ps7_cortexa9_0/libsrc/ttcps_v3_6/src -s libs  "SHELL=CMD" "COMPILER=arm-none-eabi-gcc" "ARCHIVER=arm-none-eabi-ar" "COMPILER_FLAGS=  -O2 -c" "EXTRA_COMPILER_FLAGS=-mcpu=cortex-a9 -mfpu=vfpv3 -mfloat-abi=hard -nostartfiles -g -Wall -Wextra"
"Compiling ttcps"
"Running Make libs in ps7_cortexa9_0/libsrc/uartps_v3_6/src"
make -C ps7_cortexa9_0/libsrc/uartps_v3_6/src -s libs  "SHELL=CMD" "COMPILER=arm-none-eabi-gcc" "ARCHIVER=arm-none-eabi-ar" "COMPILER_FLAGS=  -O2 -c" "EXTRA_COMPILER_FLAGS=-mcpu=cortex-a9 -mfpu=vfpv3 -mfloat-abi=hard -nostartfiles -g -Wall -Wextra"
"Compiling uartps"
"Running Make libs in ps7_cortexa9_0/libsrc/usbps_v2_4/src"
make -C ps7_cortexa9_0/libsrc/usbps_v2_4/src -s libs  "SHELL=CMD" "COMPILER=arm-none-eabi-gcc" "ARCHIVER=arm-none-eabi-ar" "COMPILER_FLAGS=  -O2 -c" "EXTRA_COMPILER_FLAGS=-mcpu=cortex-a9 -mfpu=vfpv3 -mfloat-abi=hard -nostartfiles -g -Wall -Wextra"
"Compiling usbps"
"Running Make libs in ps7_cortexa9_0/libsrc/vtc_v7_2/src"
make -C ps7_cortexa9_0/libsrc/vtc_v7_2/src -s libs  "SHELL=CMD" "COMPILER=arm-none-eabi-gcc" "ARCHIVER=arm-none-eabi-ar" "COMPILER_FLAGS=  -O2 -c" "EXTRA_COMPILER_FLAGS=-mcpu=cortex-a9 -mfpu=vfpv3 -mfloat-abi=hard -nostartfiles -g -Wall -Wextra"
"Compiling video timing controller"
"Running Make libs in ps7_cortexa9_0/libsrc/xadcps_v2_2/src"
make -C ps7_cortexa9_0/libsrc/xadcps_v2_2/src -s libs  "SHELL=CMD" "COMPILER=arm-none-eabi-gcc" "ARCHIVER=arm-none-eabi-ar" "COMPILER_FLAGS=  -O2 -c" "EXTRA_COMPILER_FLAGS=-mcpu=cortex-a9 -mfpu=vfpv3 -mfloat-abi=hard -nostartfiles -g -Wall -Wextra"
"Compiling xadcps"
'Finished building libraries'
20:28:37 **** Auto Build of project slime_game_bsp ****
make -k all 
"Running Make include in ps7_cortexa9_0/libsrc/axivdma_v6_5/src"
make -C ps7_cortexa9_0/libsrc/axivdma_v6_5/src -s include  "SHELL=CMD" "COMPILER=arm-none-eabi-gcc" "ARCHIVER=arm-none-eabi-ar" "COMPILER_FLAGS=  -O2 -c" "EXTRA_COMPILER_FLAGS=-mcpu=cortex-a9 -mfpu=vfpv3 -mfloat-abi=hard -nostartfiles -g -Wall -Wextra"
"Running Make include in ps7_cortexa9_0/libsrc/coresightps_dcc_v1_4/src"
make -C ps7_cortexa9_0/libsrc/coresightps_dcc_v1_4/src -s include  "SHELL=CMD" "COMPILER=arm-none-eabi-gcc" "ARCHIVER=arm-none-eabi-ar" "COMPILER_FLAGS=  -O2 -c" "EXTRA_COMPILER_FLAGS=-mcpu=cortex-a9 -mfpu=vfpv3 -mfloat-abi=hard -nostartfiles -g -Wall -Wextra"
"Running Make include in ps7_cortexa9_0/libsrc/cpu_cortexa9_v2_6/src"
make -C ps7_cortexa9_0/libsrc/cpu_cortexa9_v2_6/src -s include  "SHELL=CMD" "COMPILER=arm-none-eabi-gcc" "ARCHIVER=arm-none-eabi-ar" "COMPILER_FLAGS=  -O2 -c" "EXTRA_COMPILER_FLAGS=-mcpu=cortex-a9 -mfpu=vfpv3 -mfloat-abi=hard -nostartfiles -g -Wall -Wextra"
"Running Make include in ps7_cortexa9_0/libsrc/ddrps_v1_0/src"
make -C ps7_cortexa9_0/libsrc/ddrps_v1_0/src -s include  "SHELL=CMD" "COMPILER=arm-none-eabi-gcc" "ARCHIVER=arm-none-eabi-ar" "COMPILER_FLAGS=  -O2 -c" "EXTRA_COMPILER_FLAGS=-mcpu=cortex-a9 -mfpu=vfpv3 -mfloat-abi=hard -nostartfiles -g -Wall -Wextra"
"Running Make include in ps7_cortexa9_0/libsrc/devcfg_v3_5/src"
make -C ps7_cortexa9_0/libsrc/devcfg_v3_5/src -s include  "SHELL=CMD" "COMPILER=arm-none-eabi-gcc" "ARCHIVER=arm-none-eabi-ar" "COMPILER_FLAGS=  -O2 -c" "EXTRA_COMPILER_FLAGS=-mcpu=cortex-a9 -mfpu=vfpv3 -mfloat-abi=hard -nostartfiles -g -Wall -Wextra"
"Running Make include in ps7_cortexa9_0/libsrc/dmaps_v2_3/src"
make -C ps7_cortexa9_0/libsrc/dmaps_v2_3/src -s include  "SHELL=CMD" "COMPILER=arm-none-eabi-gcc" "ARCHIVER=arm-none-eabi-ar" "COMPILER_FLAGS=  -O2 -c" "EXTRA_COMPILER_FLAGS=-mcpu=cortex-a9 -mfpu=vfpv3 -mfloat-abi=hard -nostartfiles -g -Wall -Wextra"
"Running Make include in ps7_cortexa9_0/libsrc/emacps_v3_7/src"
make -C ps7_cortexa9_0/libsrc/emacps_v3_7/src -s include  "SHELL=CMD" "COMPILER=arm-none-eabi-gcc" "ARCHIVER=arm-none-eabi-ar" "COMPILER_FLAGS=  -O2 -c" "EXTRA_COMPILER_FLAGS=-mcpu=cortex-a9 -mfpu=vfpv3 -mfloat-abi=hard -nostartfiles -g -Wall -Wextra"
"Running Make include in ps7_cortexa9_0/libsrc/gpio_v4_3/src"
make -C ps7_cortexa9_0/libsrc/gpio_v4_3/src -s include  "SHELL=CMD" "COMPILER=arm-none-eabi-gcc" "ARCHIVER=arm-none-eabi-ar" "COMPILER_FLAGS=  -O2 -c" "EXTRA_COMPILER_FLAGS=-mcpu=cortex-a9 -mfpu=vfpv3 -mfloat-abi=hard -nostartfiles -g -Wall -Wextra"
"Running Make include in ps7_cortexa9_0/libsrc/gpiops_v3_3/src"
make -C ps7_cortexa9_0/libsrc/gpiops_v3_3/src -s include  "SHELL=CMD" "COMPILER=arm-none-eabi-gcc" "ARCHIVER=arm-none-eabi-ar" "COMPILER_FLAGS=  -O2 -c" "EXTRA_COMPILER_FLAGS=-mcpu=cortex-a9 -mfpu=vfpv3 -mfloat-abi=hard -nostartfiles -g -Wall -Wextra"
"Running Make include in ps7_cortexa9_0/libsrc/iicps_v3_7/src"
make -C ps7_cortexa9_0/libsrc/iicps_v3_7/src -s include  "SHELL=CMD" "COMPILER=arm-none-eabi-gcc" "ARCHIVER=arm-none-eabi-ar" "COMPILER_FLAGS=  -O2 -c" "EXTRA_COMPILER_FLAGS=-mcpu=cortex-a9 -mfpu=vfpv3 -mfloat-abi=hard -nostartfiles -g -Wall -Wextra"
"Running Make include in ps7_cortexa9_0/libsrc/qspips_v3_4/src"
make -C ps7_cortexa9_0/libsrc/qspips_v3_4/src -s include  "SHELL=CMD" "COMPILER=arm-none-eabi-gcc" "ARCHIVER=arm-none-eabi-ar" "COMPILER_FLAGS=  -O2 -c" "EXTRA_COMPILER_FLAGS=-mcpu=cortex-a9 -mfpu=vfpv3 -mfloat-abi=hard -nostartfiles -g -Wall -Wextra"
"Running Make include in ps7_cortexa9_0/libsrc/scugic_v3_9/src"
make -C ps7_cortexa9_0/libsrc/scugic_v3_9/src -s include  "SHELL=CMD" "COMPILER=arm-none-eabi-gcc" "ARCHIVER=arm-none-eabi-ar" "COMPILER_FLAGS=  -O2 -c" "EXTRA_COMPILER_FLAGS=-mcpu=cortex-a9 -mfpu=vfpv3 -mfloat-abi=hard -nostartfiles -g -Wall -Wextra"
"Running Make include in ps7_cortexa9_0/libsrc/scutimer_v2_1/src"
make -C ps7_cortexa9_0/libsrc/scutimer_v2_1/src -s include  "SHELL=CMD" "COMPILER=arm-none-eabi-gcc" "ARCHIVER=arm-none-eabi-ar" "COMPILER_FLAGS=  -O2 -c" "EXTRA_COMPILER_FLAGS=-mcpu=cortex-a9 -mfpu=vfpv3 -mfloat-abi=hard -nostartfiles -g -Wall -Wextra"
"Running Make include in ps7_cortexa9_0/libsrc/scuwdt_v2_1/src"
make -C ps7_cortexa9_0/libsrc/scuwdt_v2_1/src -s include  "SHELL=CMD" "COMPILER=arm-none-eabi-gcc" "ARCHIVER=arm-none-eabi-ar" "COMPILER_FLAGS=  -O2 -c" "EXTRA_COMPILER_FLAGS=-mcpu=cortex-a9 -mfpu=vfpv3 -mfloat-abi=hard -nostartfiles -g -Wall -Wextra"
"Running Make include in ps7_cortexa9_0/libsrc/sdps_v3_5/src"
make -C ps7_cortexa9_0/libsrc/sdps_v3_5/src -s include  "SHELL=CMD" "COMPILER=arm-none-eabi-gcc" "ARCHIVER=arm-none-eabi-ar" "COMPILER_FLAGS=  -O2 -c" "EXTRA_COMPILER_FLAGS=-mcpu=cortex-a9 -mfpu=vfpv3 -mfloat-abi=hard -nostartfiles -g -Wall -Wextra"
"Running Make include in ps7_cortexa9_0/libsrc/standalone_v6_7/src"
make -C ps7_cortexa9_0/libsrc/standalone_v6_7/src -s include  "SHELL=CMD" "COMPILER=arm-none-eabi-gcc" "ARCHIVER=arm-none-eabi-ar" "COMPILER_FLAGS=  -O2 -c" "EXTRA_COMPILER_FLAGS=-mcpu=cortex-a9 -mfpu=vfpv3 -mfloat-abi=hard -nostartfiles -g -Wall -Wextra"
"Running Make include in ps7_cortexa9_0/libsrc/ttcps_v3_6/src"
make -C ps7_cortexa9_0/libsrc/ttcps_v3_6/src -s include  "SHELL=CMD" "COMPILER=arm-none-eabi-gcc" "ARCHIVER=arm-none-eabi-ar" "COMPILER_FLAGS=  -O2 -c" "EXTRA_COMPILER_FLAGS=-mcpu=cortex-a9 -mfpu=vfpv3 -mfloat-abi=hard -nostartfiles -g -Wall -Wextra"
"Running Make include in ps7_cortexa9_0/libsrc/uartps_v3_6/src"
make -C ps7_cortexa9_0/libsrc/uartps_v3_6/src -s include  "SHELL=CMD" "COMPILER=arm-none-eabi-gcc" "ARCHIVER=arm-none-eabi-ar" "COMPILER_FLAGS=  -O2 -c" "EXTRA_COMPILER_FLAGS=-mcpu=cortex-a9 -mfpu=vfpv3 -mfloat-abi=hard -nostartfiles -g -Wall -Wextra"
"Running Make include in ps7_cortexa9_0/libsrc/usbps_v2_4/src"
make -C ps7_cortexa9_0/libsrc/usbps_v2_4/src -s include  "SHELL=CMD" "COMPILER=arm-none-eabi-gcc" "ARCHIVER=arm-none-eabi-ar" "COMPILER_FLAGS=  -O2 -c" "EXTRA_COMPILER_FLAGS=-mcpu=cortex-a9 -mfpu=vfpv3 -mfloat-abi=hard -nostartfiles -g -Wall -Wextra"
"Running Make include in ps7_cortexa9_0/libsrc/vtc_v7_2/src"
make -C ps7_cortexa9_0/libsrc/vtc_v7_2/src -s include  "SHELL=CMD" "COMPILER=arm-none-eabi-gcc" "ARCHIVER=arm-none-eabi-ar" "COMPILER_FLAGS=  -O2 -c" "EXTRA_COMPILER_FLAGS=-mcpu=cortex-a9 -mfpu=vfpv3 -mfloat-abi=hard -nostartfiles -g -Wall -Wextra"
"Running Make include in ps7_cortexa9_0/libsrc/xadcps_v2_2/src"
make -C ps7_cortexa9_0/libsrc/xadcps_v2_2/src -s include  "SHELL=CMD" "COMPILER=arm-none-eabi-gcc" "ARCHIVER=arm-none-eabi-ar" "COMPILER_FLAGS=  -O2 -c" "EXTRA_COMPILER_FLAGS=-mcpu=cortex-a9 -mfpu=vfpv3 -mfloat-abi=hard -nostartfiles -g -Wall -Wextra"
"Running Make libs in ps7_cortexa9_0/libsrc/axivdma_v6_5/src"
make -C ps7_cortexa9_0/libsrc/axivdma_v6_5/src -s libs  "SHELL=CMD" "COMPILER=arm-none-eabi-gcc" "ARCHIVER=arm-none-eabi-ar" "COMPILER_FLAGS=  -O2 -c" "EXTRA_COMPILER_FLAGS=-mcpu=cortex-a9 -mfpu=vfpv3 -mfloat-abi=hard -nostartfiles -g -Wall -Wextra"
"Compiling axivdma"
"Running Make libs in ps7_cortexa9_0/libsrc/coresightps_dcc_v1_4/src"
make -C ps7_cortexa9_0/libsrc/coresightps_dcc_v1_4/src -s libs  "SHELL=CMD" "COMPILER=arm-none-eabi-gcc" "ARCHIVER=arm-none-eabi-ar" "COMPILER_FLAGS=  -O2 -c" "EXTRA_COMPILER_FLAGS=-mcpu=cortex-a9 -mfpu=vfpv3 -mfloat-abi=hard -nostartfiles -g -Wall -Wextra"
"Compiling coresightps_dcc"
"Running Make libs in ps7_cortexa9_0/libsrc/cpu_cortexa9_v2_6/src"
make -C ps7_cortexa9_0/libsrc/cpu_cortexa9_v2_6/src -s libs  "SHELL=CMD" "COMPILER=arm-none-eabi-gcc" "ARCHIVER=arm-none-eabi-ar" "COMPILER_FLAGS=  -O2 -c" "EXTRA_COMPILER_FLAGS=-mcpu=cortex-a9 -mfpu=vfpv3 -mfloat-abi=hard -nostartfiles -g -Wall -Wextra"
"Compiling cpu_cortexa9"
"Running Make libs in ps7_cortexa9_0/libsrc/ddrps_v1_0/src"
make -C ps7_cortexa9_0/libsrc/ddrps_v1_0/src -s libs  "SHELL=CMD" "COMPILER=arm-none-eabi-gcc" "ARCHIVER=arm-none-eabi-ar" "COMPILER_FLAGS=  -O2 -c" "EXTRA_COMPILER_FLAGS=-mcpu=cortex-a9 -mfpu=vfpv3 -mfloat-abi=hard -nostartfiles -g -Wall -Wextra"
"Compiling ddrps"
"Running Make libs in ps7_cortexa9_0/libsrc/devcfg_v3_5/src"
make -C ps7_cortexa9_0/libsrc/devcfg_v3_5/src -s libs  "SHELL=CMD" "COMPILER=arm-none-eabi-gcc" "ARCHIVER=arm-none-eabi-ar" "COMPILER_FLAGS=  -O2 -c" "EXTRA_COMPILER_FLAGS=-mcpu=cortex-a9 -mfpu=vfpv3 -mfloat-abi=hard -nostartfiles -g -Wall -Wextra"
"Compiling devcfg"
"Running Make libs in ps7_cortexa9_0/libsrc/dmaps_v2_3/src"
make -C ps7_cortexa9_0/libsrc/dmaps_v2_3/src -s libs  "SHELL=CMD" "COMPILER=arm-none-eabi-gcc" "ARCHIVER=arm-none-eabi-ar" "COMPILER_FLAGS=  -O2 -c" "EXTRA_COMPILER_FLAGS=-mcpu=cortex-a9 -mfpu=vfpv3 -mfloat-abi=hard -nostartfiles -g -Wall -Wextra"
"Compiling dmaps"
"Running Make libs in ps7_cortexa9_0/libsrc/emacps_v3_7/src"
make -C ps7_cortexa9_0/libsrc/emacps_v3_7/src -s libs  "SHELL=CMD" "COMPILER=arm-none-eabi-gcc" "ARCHIVER=arm-none-eabi-ar" "COMPILER_FLAGS=  -O2 -c" "EXTRA_COMPILER_FLAGS=-mcpu=cortex-a9 -mfpu=vfpv3 -mfloat-abi=hard -nostartfiles -g -Wall -Wextra"
"Compiling emacps"
"Running Make libs in ps7_cortexa9_0/libsrc/gpio_v4_3/src"
make -C ps7_cortexa9_0/libsrc/gpio_v4_3/src -s libs  "SHELL=CMD" "COMPILER=arm-none-eabi-gcc" "ARCHIVER=arm-none-eabi-ar" "COMPILER_FLAGS=  -O2 -c" "EXTRA_COMPILER_FLAGS=-mcpu=cortex-a9 -mfpu=vfpv3 -mfloat-abi=hard -nostartfiles -g -Wall -Wextra"
"Compiling gpio"
"Running Make libs in ps7_cortexa9_0/libsrc/gpiops_v3_3/src"
make -C ps7_cortexa9_0/libsrc/gpiops_v3_3/src -s libs  "SHELL=CMD" "COMPILER=arm-none-eabi-gcc" "ARCHIVER=arm-none-eabi-ar" "COMPILER_FLAGS=  -O2 -c" "EXTRA_COMPILER_FLAGS=-mcpu=cortex-a9 -mfpu=vfpv3 -mfloat-abi=hard -nostartfiles -g -Wall -Wextra"
"Compiling gpiops"
"Running Make libs in ps7_cortexa9_0/libsrc/iicps_v3_7/src"
make -C ps7_cortexa9_0/libsrc/iicps_v3_7/src -s libs  "SHELL=CMD" "COMPILER=arm-none-eabi-gcc" "ARCHIVER=arm-none-eabi-ar" "COMPILER_FLAGS=  -O2 -c" "EXTRA_COMPILER_FLAGS=-mcpu=cortex-a9 -mfpu=vfpv3 -mfloat-abi=hard -nostartfiles -g -Wall -Wextra"
"Compiling iicps"
"Running Make libs in ps7_cortexa9_0/libsrc/qspips_v3_4/src"
make -C ps7_cortexa9_0/libsrc/qspips_v3_4/src -s libs  "SHELL=CMD" "COMPILER=arm-none-eabi-gcc" "ARCHIVER=arm-none-eabi-ar" "COMPILER_FLAGS=  -O2 -c" "EXTRA_COMPILER_FLAGS=-mcpu=cortex-a9 -mfpu=vfpv3 -mfloat-abi=hard -nostartfiles -g -Wall -Wextra"
"Compiling qspips"
"Running Make libs in ps7_cortexa9_0/libsrc/scugic_v3_9/src"
make -C ps7_cortexa9_0/libsrc/scugic_v3_9/src -s libs  "SHELL=CMD" "COMPILER=arm-none-eabi-gcc" "ARCHIVER=arm-none-eabi-ar" "COMPILER_FLAGS=  -O2 -c" "EXTRA_COMPILER_FLAGS=-mcpu=cortex-a9 -mfpu=vfpv3 -mfloat-abi=hard -nostartfiles -g -Wall -Wextra"
"Compiling scugic"
"Running Make libs in ps7_cortexa9_0/libsrc/scutimer_v2_1/src"
make -C ps7_cortexa9_0/libsrc/scutimer_v2_1/src -s libs  "SHELL=CMD" "COMPILER=arm-none-eabi-gcc" "ARCHIVER=arm-none-eabi-ar" "COMPILER_FLAGS=  -O2 -c" "EXTRA_COMPILER_FLAGS=-mcpu=cortex-a9 -mfpu=vfpv3 -mfloat-abi=hard -nostartfiles -g -Wall -Wextra"
"Compiling scutimer"
"Running Make libs in ps7_cortexa9_0/libsrc/scuwdt_v2_1/src"
make -C ps7_cortexa9_0/libsrc/scuwdt_v2_1/src -s libs  "SHELL=CMD" "COMPILER=arm-none-eabi-gcc" "ARCHIVER=arm-none-eabi-ar" "COMPILER_FLAGS=  -O2 -c" "EXTRA_COMPILER_FLAGS=-mcpu=cortex-a9 -mfpu=vfpv3 -mfloat-abi=hard -nostartfiles -g -Wall -Wextra"
"Compiling scuwdt"
"Running Make libs in ps7_cortexa9_0/libsrc/sdps_v3_5/src"
make -C ps7_cortexa9_0/libsrc/sdps_v3_5/src -s libs  "SHELL=CMD" "COMPILER=arm-none-eabi-gcc" "ARCHIVER=arm-none-eabi-ar" "COMPILER_FLAGS=  -O2 -c" "EXTRA_COMPILER_FLAGS=-mcpu=cortex-a9 -mfpu=vfpv3 -mfloat-abi=hard -nostartfiles -g -Wall -Wextra"
"Compiling sdps"
"Running Make libs in ps7_cortexa9_0/libsrc/standalone_v6_7/src"
make -C ps7_cortexa9_0/libsrc/standalone_v6_7/src -s libs  "SHELL=CMD" "COMPILER=arm-none-eabi-gcc" "ARCHIVER=arm-none-eabi-ar" "COMPILER_FLAGS=  -O2 -c" "EXTRA_COMPILER_FLAGS=-mcpu=cortex-a9 -mfpu=vfpv3 -mfloat-abi=hard -nostartfiles -g -Wall -Wextra"
"Compiling standalone"
In file included from sleep.c:57:0:
xtime_l.h:89:9: note: #pragma message: For the sleep routines, Global timer is being used
 #pragma message ("For the sleep routines, Global timer is being used")
         ^~~~~~~
In file included from usleep.c:60:0:
xtime_l.h:89:9: note: #pragma message: For the sleep routines, Global timer is being used
 #pragma message ("For the sleep routines, Global timer is being used")
         ^~~~~~~
In file included from xil_sleeptimer.c:55:0:
xtime_l.h:89:9: note: #pragma message: For the sleep routines, Global timer is being used
 #pragma message ("For the sleep routines, Global timer is being used")
         ^~~~~~~
In file included from xtime_l.c:53:0:
xtime_l.h:89:9: note: #pragma message: For the sleep routines, Global timer is being used
 #pragma message ("For the sleep routines, Global timer is being used")
         ^~~~~~~
"Running Make libs in ps7_cortexa9_0/libsrc/ttcps_v3_6/src"
make -C ps7_cortexa9_0/libsrc/ttcps_v3_6/src -s libs  "SHELL=CMD" "COMPILER=arm-none-eabi-gcc" "ARCHIVER=arm-none-eabi-ar" "COMPILER_FLAGS=  -O2 -c" "EXTRA_COMPILER_FLAGS=-mcpu=cortex-a9 -mfpu=vfpv3 -mfloat-abi=hard -nostartfiles -g -Wall -Wextra"
"Compiling ttcps"
"Running Make libs in ps7_cortexa9_0/libsrc/uartps_v3_6/src"
make -C ps7_cortexa9_0/libsrc/uartps_v3_6/src -s libs  "SHELL=CMD" "COMPILER=arm-none-eabi-gcc" "ARCHIVER=arm-none-eabi-ar" "COMPILER_FLAGS=  -O2 -c" "EXTRA_COMPILER_FLAGS=-mcpu=cortex-a9 -mfpu=vfpv3 -mfloat-abi=hard -nostartfiles -g -Wall -Wextra"
"Compiling uartps"
"Running Make libs in ps7_cortexa9_0/libsrc/usbps_v2_4/src"
make -C ps7_cortexa9_0/libsrc/usbps_v2_4/src -s libs  "SHELL=CMD" "COMPILER=arm-none-eabi-gcc" "ARCHIVER=arm-none-eabi-ar" "COMPILER_FLAGS=  -O2 -c" "EXTRA_COMPILER_FLAGS=-mcpu=cortex-a9 -mfpu=vfpv3 -mfloat-abi=hard -nostartfiles -g -Wall -Wextra"
"Compiling usbps"
"Running Make libs in ps7_cortexa9_0/libsrc/vtc_v7_2/src"
make -C ps7_cortexa9_0/libsrc/vtc_v7_2/src -s libs  "SHELL=CMD" "COMPILER=arm-none-eabi-gcc" "ARCHIVER=arm-none-eabi-ar" "COMPILER_FLAGS=  -O2 -c" "EXTRA_COMPILER_FLAGS=-mcpu=cortex-a9 -mfpu=vfpv3 -mfloat-abi=hard -nostartfiles -g -Wall -Wextra"
"Compiling video timing controller"
"Running Make libs in ps7_cortexa9_0/libsrc/xadcps_v2_2/src"
make -C ps7_cortexa9_0/libsrc/xadcps_v2_2/src -s libs  "SHELL=CMD" "COMPILER=arm-none-eabi-gcc" "ARCHIVER=arm-none-eabi-ar" "COMPILER_FLAGS=  -O2 -c" "EXTRA_COMPILER_FLAGS=-mcpu=cortex-a9 -mfpu=vfpv3 -mfloat-abi=hard -nostartfiles -g -Wall -Wextra"
"Compiling xadcps"
'Finished building libraries'

**** Build of configuration Debug for project slime_game ****

Nothing to build for project slime_game

****  of configuration Debug for project slime_game ****

Nothing to build for project slime_game

****  of configuration Debug for project slime_game ****

Nothing to build for project slime_game
20:30:32 **** Auto Build of configuration Debug for project slime_game ****
make pre-build main-build 
a9-linaro-pre-build-step
' '
'Building file: ../src/main.c'
'Invoking: ARM v7 gcc compiler'
arm-none-eabi-gcc -Wall -O0 -g3 -c -fmessage-length=0 -MT"src/main.o" -mcpu=cortex-a9 -mfpu=vfpv3 -mfloat-abi=hard -I../../slime_game_bsp/ps7_cortexa9_0/include -MMD -MP -MF"src/main.d" -MT"src/main.o" -o "src/main.o" "../src/main.c"
'Finished building: ../src/main.c'
' '
'Building target: slime_game.elf'
'Invoking: ARM v7 gcc linker'
arm-none-eabi-gcc -mcpu=cortex-a9 -mfpu=vfpv3 -mfloat-abi=hard -Wl,-build-id=none -specs=Xilinx.spec -Wl,-T -Wl,../src/lscript.ld -L../../slime_game_bsp/ps7_cortexa9_0/lib -o "slime_game.elf"  ./src/main.o   -Wl,--start-group,-lxil,-lgcc,-lc,--end-group
../../slime_game_bsp/ps7_cortexa9_0/lib\libxil.a(xil-crt0.o): In function `_start':
C:\Git\hdmi-out\hdmi-out.sdk\slime_game_bsp\ps7_cortexa9_0\libsrc\standalone_v6_7\src/xil-crt0.S:142: undefined reference to `main'
collect2.exe: error: ld returned 1 exit status
make: *** [slime_game.elf] Fejl 1
20:30:34 **** Auto Build of configuration Debug for project slime_game ****
make pre-build main-build 
a9-linaro-pre-build-step
' '
'Building target: slime_game.elf'
'Invoking: ARM v7 gcc linker'
arm-none-eabi-gcc -mcpu=cortex-a9 -mfpu=vfpv3 -mfloat-abi=hard -Wl,-build-id=none -specs=Xilinx.spec -Wl,-T -Wl,../src/lscript.ld -L../../slime_game_bsp/ps7_cortexa9_0/lib -o "slime_game.elf"  ./src/main.o   -Wl,--start-group,-lxil,-lgcc,-lc,--end-group
../../slime_game_bsp/ps7_cortexa9_0/lib\libxil.a(xil-crt0.o): In function `_start':
C:\Git\hdmi-out\hdmi-out.sdk\slime_game_bsp\ps7_cortexa9_0\libsrc\standalone_v6_7\src/xil-crt0.S:142: undefined reference to `main'
collect2.exe: error: ld returned 1 exit status
make: *** [slime_game.elf] Fejl 1
20:31:27 **** Build of configuration Debug for project slime ****
make pre-build main-build 
a9-linaro-pre-build-step
' '
'Building target: slime.elf'
'Invoking: ARM v7 gcc linker'
arm-none-eabi-gcc -mcpu=cortex-a9 -mfpu=vfpv3 -mfloat-abi=hard -Wl,-build-id=none -specs=Xilinx.spec -Wl,-T -Wl,../src/lscript.ld -L../../hdmi_out_1_bsp/ps7_cortexa9_0/lib -o "slime.elf"  ./src/timer_ps/timer_ps.o  ./src/dynclk/dynclk.o  ./src/display_ctrl/display_ctrl.o  ./src/display_demo.o   -Wl,--start-group,-lxil,-lgcc,-lc,--end-group
'Finished building target: slime.elf'
' '
'Invoking: ARM v7 Print Size'
arm-none-eabi-size slime.elf  |tee "slime.elf.size"
   text	   data	    bss	    dec	    hex	filename
 109944	   2720	24909440	25022104	17dce98	slime.elf
'Finished building: slime.elf.size'
' '
20:32:44 **** Build of configuration Debug for project slime ****
make pre-build main-build 
a9-linaro-pre-build-step
' '
make: Ingenting at gøre for 'main-build'.
