21:08:07 **** Auto Build of configuration Debug for project hdmi_out_1 ****
make pre-build main-build 
a9-linaro-pre-build-step
' '
'Building file: ../src/display_demo.c'
'Invoking: ARM v7 gcc compiler'
arm-none-eabi-gcc -Wall -O0 -g3 -c -fmessage-length=0 -MT"src/display_demo.o" -mcpu=cortex-a9 -mfpu=vfpv3 -mfloat-abi=hard -I../../hdmi_out_1_bsp/ps7_cortexa9_0/include -MMD -MP -MF"src/display_demo.d" -MT"src/display_demo.o" -o "src/display_demo.o" "../src/display_demo.c"
../src/display_demo.c: In function 'DemoRun':
../src/display_demo.c:217:4: warning: implicit declaration of function 'DemoGoatTest'; did you mean 'DemoPrintTest'? [-Wimplicit-function-declaration]
    DemoGoatTest(pFrames[dispCtrl.curFrame], dispCtrl.vMode.width, dispCtrl.vMode.height, DEMO_STRIDE);
    ^~~~~~~~~~~~
    DemoPrintTest
../src/display_demo.c: At top level:
../src/display_demo.c:368:6: warning: conflicting types for 'DemoGoatTest'
 void DemoGoatTest(u8 *frame, u32 width, u32 height, u32 stride){
      ^~~~~~~~~~~~
../src/display_demo.c:217:4: note: previous implicit declaration of 'DemoGoatTest' was here
    DemoGoatTest(pFrames[dispCtrl.curFrame], dispCtrl.vMode.width, dispCtrl.vMode.height, DEMO_STRIDE);
    ^~~~~~~~~~~~
../src/display_demo.c: In function 'DemoGoatTest':
../src/display_demo.c:370:6: warning: unused variable 'iPixelAddr' [-Wunused-variable]
  u32 iPixelAddr = 0; //start address
      ^~~~~~~~~~
'Finished building: ../src/display_demo.c'
' '
'Building target: hdmi_out_1.elf'
'Invoking: ARM v7 gcc linker'
arm-none-eabi-gcc -mcpu=cortex-a9 -mfpu=vfpv3 -mfloat-abi=hard -Wl,-build-id=none -specs=Xilinx.spec -Wl,-T -Wl,../src/lscript.ld -L../../hdmi_out_1_bsp/ps7_cortexa9_0/lib -o "hdmi_out_1.elf"  ./src/timer_ps/timer_ps.o  ./src/dynclk/dynclk.o  ./src/display_ctrl/display_ctrl.o  ./src/display_demo.o   -Wl,--start-group,-lxil,-lgcc,-lc,--end-group
'Finished building target: hdmi_out_1.elf'
' '
'Invoking: ARM v7 Print Size'
arm-none-eabi-size hdmi_out_1.elf  |tee "hdmi_out_1.elf.size"
   text	   data	    bss	    dec	    hex	filename
 106512	   2720	24909440	25018672	17dc130	hdmi_out_1.elf
'Finished building: hdmi_out_1.elf.size'
' '

21:08:08 Build Finished (took 1s.89ms)

